Archive member included because of file (symbol)

/usr/lib/gcc/arm-none-eabi/4.8.2/../../../arm-none-eabi/lib/armv7-m/libc.a(lib_a-atoi.o)
                              build/obj/main.o (atoi)
/usr/lib/gcc/arm-none-eabi/4.8.2/../../../arm-none-eabi/lib/armv7-m/libc.a(lib_a-memcpy.o)
                              build/obj/memstreams.o (memcpy)
/usr/lib/gcc/arm-none-eabi/4.8.2/../../../arm-none-eabi/lib/armv7-m/libc.a(lib_a-memset.o)
                              build/obj/syscalls.o (memset)
/usr/lib/gcc/arm-none-eabi/4.8.2/../../../arm-none-eabi/lib/armv7-m/libc.a(lib_a-strcasecmp.o)
                              build/obj/shell.o (strcasecmp)
/usr/lib/gcc/arm-none-eabi/4.8.2/../../../arm-none-eabi/lib/armv7-m/libc.a(lib_a-strpbrk.o)
                              build/obj/shell.o (strpbrk)
/usr/lib/gcc/arm-none-eabi/4.8.2/../../../arm-none-eabi/lib/armv7-m/libc.a(lib_a-strspn.o)
                              build/obj/shell.o (strspn)
/usr/lib/gcc/arm-none-eabi/4.8.2/../../../arm-none-eabi/lib/armv7-m/libc.a(lib_a-strtol.o)
                              /usr/lib/gcc/arm-none-eabi/4.8.2/../../../arm-none-eabi/lib/armv7-m/libc.a(lib_a-atoi.o) (_strtol_r)
/usr/lib/gcc/arm-none-eabi/4.8.2/../../../arm-none-eabi/lib/armv7-m/libc.a(lib_a-ctype_.o)
                              /usr/lib/gcc/arm-none-eabi/4.8.2/../../../arm-none-eabi/lib/armv7-m/libc.a(lib_a-strcasecmp.o) (__ctype_ptr__)
/usr/lib/gcc/arm-none-eabi/4.8.2/../../../arm-none-eabi/lib/armv7-m/libc.a(lib_a-impure.o)
                              /usr/lib/gcc/arm-none-eabi/4.8.2/../../../arm-none-eabi/lib/armv7-m/libc.a(lib_a-strtol.o) (_impure_ptr)

Discarded input sections

 .text          0x0000000000000000        0x0 build/obj/crt0.o
 .data          0x0000000000000000        0x0 build/obj/crt0.o
 .bss           0x0000000000000000        0x0 build/obj/crt0.o
 .text.__early_init
                0x0000000000000000        0x4 build/obj/crt0.o
 .text          0x0000000000000000        0x0 build/obj/vectors.o
 .data          0x0000000000000000        0x0 build/obj/vectors.o
 .bss           0x0000000000000000        0x0 build/obj/vectors.o
 .text          0x0000000000000000        0x0 build/obj/chcore.o
 .data          0x0000000000000000        0x0 build/obj/chcore.o
 .bss           0x0000000000000000        0x0 build/obj/chcore.o
 .text.port_halt
                0x0000000000000000        0x4 build/obj/chcore.o
 .debug_info    0x0000000000000000       0x92 build/obj/chcore.o
 .debug_abbrev  0x0000000000000000       0x42 build/obj/chcore.o
 .debug_aranges
                0x0000000000000000       0x20 build/obj/chcore.o
 .debug_ranges  0x0000000000000000       0x10 build/obj/chcore.o
 .debug_line    0x0000000000000000       0x53 build/obj/chcore.o
 .debug_str     0x0000000000000000      0x182 build/obj/chcore.o
 .comment       0x0000000000000000       0x20 build/obj/chcore.o
 .ARM.attributes
                0x0000000000000000       0x33 build/obj/chcore.o
 .debug_frame   0x0000000000000000       0x20 build/obj/chcore.o
 .text          0x0000000000000000        0x0 build/obj/chcore_v7m.o
 .data          0x0000000000000000        0x0 build/obj/chcore_v7m.o
 .bss           0x0000000000000000        0x0 build/obj/chcore_v7m.o
 .text          0x0000000000000000        0x0 build/obj/nvic.o
 .data          0x0000000000000000        0x0 build/obj/nvic.o
 .bss           0x0000000000000000        0x0 build/obj/nvic.o
 .text.nvicDisableVector
                0x0000000000000000       0x44 build/obj/nvic.o
 .text          0x0000000000000000        0x0 build/obj/chsys.o
 .data          0x0000000000000000        0x0 build/obj/chsys.o
 .bss           0x0000000000000000        0x0 build/obj/chsys.o
 .text          0x0000000000000000        0x0 build/obj/chdebug.o
 .data          0x0000000000000000        0x0 build/obj/chdebug.o
 .bss           0x0000000000000000        0x0 build/obj/chdebug.o
 .debug_info    0x0000000000000000       0x79 build/obj/chdebug.o
 .debug_abbrev  0x0000000000000000       0x26 build/obj/chdebug.o
 .debug_aranges
                0x0000000000000000       0x18 build/obj/chdebug.o
 .debug_line    0x0000000000000000       0x1d build/obj/chdebug.o
 .debug_str     0x0000000000000000      0x173 build/obj/chdebug.o
 .comment       0x0000000000000000       0x20 build/obj/chdebug.o
 .ARM.attributes
                0x0000000000000000       0x33 build/obj/chdebug.o
 .text          0x0000000000000000        0x0 build/obj/chlists.o
 .data          0x0000000000000000        0x0 build/obj/chlists.o
 .bss           0x0000000000000000        0x0 build/obj/chlists.o
 .debug_info    0x0000000000000000       0x79 build/obj/chlists.o
 .debug_abbrev  0x0000000000000000       0x26 build/obj/chlists.o
 .debug_aranges
                0x0000000000000000       0x18 build/obj/chlists.o
 .debug_line    0x0000000000000000       0x1d build/obj/chlists.o
 .debug_str     0x0000000000000000      0x173 build/obj/chlists.o
[...]
Memory Configuration

Name             Origin             Length             Attributes
flash            0x0000000008000000 0x0000000000004000
ram              0x0000000020000000 0x0000000000001000
*default*        0x0000000000000000 0xffffffffffffffff

Linker script and memory map

LOAD build/obj/crt0.o
LOAD build/obj/vectors.o
LOAD build/obj/chcore.o
LOAD build/obj/chcore_v7m.o
LOAD build/obj/nvic.o
LOAD build/obj/chsys.o
LOAD build/obj/chdebug.o
LOAD build/obj/chlists.o
LOAD build/obj/chvt.o
LOAD build/obj/chschd.o
LOAD build/obj/chthreads.o
LOAD build/obj/chdynamic.o
LOAD build/obj/chregistry.o
LOAD build/obj/chsem.o
LOAD build/obj/chmtx.o
LOAD build/obj/chcond.o
LOAD build/obj/chevents.o
LOAD build/obj/chmsg.o
LOAD build/obj/chmboxes.o
LOAD build/obj/chqueues.o
LOAD build/obj/chmemcore.o
LOAD build/obj/chheap.o
LOAD build/obj/chmempools.o
LOAD build/obj/hal.o
LOAD build/obj/adc.o
LOAD build/obj/can.o
LOAD build/obj/ext.o
LOAD build/obj/gpt.o
LOAD build/obj/i2c.o
LOAD build/obj/icu.o
LOAD build/obj/mac.o
LOAD build/obj/mmc_spi.o
LOAD build/obj/mmcsd.o
LOAD build/obj/pal.o
LOAD build/obj/pwm.o
LOAD build/obj/rtc.o
LOAD build/obj/sdc.o
LOAD build/obj/serial.o
LOAD build/obj/serial_usb.o
LOAD build/obj/spi.o
LOAD build/obj/tm.o
LOAD build/obj/uart.o
LOAD build/obj/usb.o
LOAD build/obj/stm32_dma.o
LOAD build/obj/hal_lld.o
LOAD build/obj/adc_lld.o
LOAD build/obj/ext_lld_isr.o
LOAD build/obj/can_lld.o
LOAD build/obj/ext_lld.o
LOAD build/obj/mac_lld.o
LOAD build/obj/sdc_lld.o
LOAD build/obj/pal_lld.o
LOAD build/obj/i2c_lld.o
LOAD build/obj/rtc_lld.o
LOAD build/obj/spi_lld.o
LOAD build/obj/gpt_lld.o
LOAD build/obj/icu_lld.o
LOAD build/obj/pwm_lld.o
LOAD build/obj/serial_lld.o
LOAD build/obj/uart_lld.o
LOAD build/obj/usb_lld.o
LOAD build/obj/board.o
LOAD build/obj/evtimer.o
LOAD build/obj/syscalls.o
LOAD build/obj/chprintf.o
LOAD build/obj/memstreams.o
LOAD build/obj/shell.o
LOAD build/obj/main.o
START GROUP
LOAD /usr/lib/gcc/arm-none-eabi/4.8.2/armv7-m/libgcc.a
LOAD /usr/lib/gcc/arm-none-eabi/4.8.2/../../../arm-none-eabi/lib/armv7-m/libc.a
END GROUP
                0x0000000000000200                __main_stack_size__ = 0x200
                0x0000000000000200                __process_stack_size__ = 0x200
                0x0000000020000000                __ram_start__ = ORIGIN (ram)
                0x0000000000001000                __ram_size__ = 0x1000
                0x0000000020001000                __ram_end__ = (__ram_start__ + __ram_size__)
                0x0000000000000000                . = 0x0
                0x0000000000000000                _text = .

startup         0x0000000008000000       0xec
 *(vectors)
 vectors        0x0000000008000000       0xec build/obj/vectors.o
                0x0000000008000000                _vectors

constructors    0x00000000080000ec        0x0
                0x00000000080000ec                PROVIDE (__init_array_start, .)
 *(SORT(.init_array.*))
 *(.init_array)
                0x00000000080000ec                PROVIDE (__init_array_end, .)

destructors     0x00000000080000ec        0x0
                0x00000000080000ec                PROVIDE (__fini_array_start, .)
 *(.fini_array)
 *(SORT(.fini_array.*))
                0x00000000080000ec                PROVIDE (__fini_array_end, .)

.text           0x00000000080000f0     0x2774
 *(.text.startup.*)
 .text.startup.main
                0x00000000080000f0      0x19c build/obj/main.o
                0x00000000080000f0                main
 *(.text)
 *(.text.*)
 *fill*         0x000000000800028c        0x4 
 .text.__late_init
                0x0000000008000290        0x4 build/obj/crt0.o
                0x0000000008000290                __late_init
 *fill*         0x0000000008000294        0xc 
 .text._default_exit
                0x00000000080002a0        0x4 build/obj/crt0.o
                0x00000000080002a0                _default_exit
 *fill*         0x00000000080002a4        0xc 
 .text.ResetHandler
                0x00000000080002b0      0x134 build/obj/crt0.o
                0x00000000080002b0                ResetHandler
 *fill*         0x00000000080003e4        0xc 
 .text._unhandled_exception
                0x00000000080003f0        0x4 build/obj/vectors.o
                0x00000000080003f0                Vector58
                0x00000000080003f0                VectorE8
                0x00000000080003f0                Vector9C
                0x00000000080003f0                VectorAC
                0x00000000080003f0                Vector5C
                0x00000000080003f0                NMIVector
                0x00000000080003f0                Vector8C
                0x00000000080003f0                VectorDC
                0x00000000080003f0                VectorC8
                0x00000000080003f0                Vector94
                0x00000000080003f0                VectorA8
                0x00000000080003f0                VectorB4
                0x00000000080003f0                Vector74
                0x00000000080003f0                UsageFaultVector
                0x00000000080003f0                DebugMonitorVector
                0x00000000080003f0                Vector40
                0x00000000080003f0                VectorBC
                0x00000000080003f0                PendSVVector
                0x00000000080003f0                Vector64
                0x00000000080003f0                VectorCC
                0x00000000080003f0                Vector54
                0x00000000080003f0                Vector98
                0x00000000080003f0                VectorD8
                0x00000000080003f0                Vector24
                0x00000000080003f0                Vector84
                0x00000000080003f0                BusFaultVector
                0x00000000080003f0                VectorD0
                0x00000000080003f0                VectorE4
                0x00000000080003f0                VectorC0
                0x00000000080003f0                HardFaultVector
                0x00000000080003f0                VectorE0
                0x00000000080003f0                MemManageVector
                0x00000000080003f0                Vector6C
                0x00000000080003f0                VectorA0
                0x00000000080003f0                VectorC4
                0x00000000080003f0                Vector7C
                0x00000000080003f0                VectorB0
                0x00000000080003f0                Vector90
                0x00000000080003f0                Vector60
                0x00000000080003f0                Vector1C
                0x00000000080003f0                Vector48
                0x00000000080003f0                Vector70
                0x00000000080003f0                Vector4C
                0x00000000080003f0                Vector80
                0x00000000080003f0                Vector68
                0x00000000080003f0                Vector78
                0x00000000080003f0                _unhandled_exception
                0x00000000080003f0                Vector88
                0x00000000080003f0                Vector50
                0x00000000080003f0                Vector44
                0x00000000080003f0                Vector28
                0x00000000080003f0                VectorB8
                0x00000000080003f0                Vector34
                0x00000000080003f0                VectorA4
                0x00000000080003f0                Vector20
 *fill*         0x00000000080003f4        0xc 
 .text._port_switch_from_isr
                0x0000000008000400        0x8 build/obj/chcore_v7m.o
                0x0000000008000400                _port_switch_from_isr
 *fill*         0x0000000008000408        0x8 
 .text.SVCallVector
                0x0000000008000410       0x14 build/obj/chcore_v7m.o
                0x0000000008000410                SVCallVector
 *fill*         0x0000000008000424        0xc 
 .text._port_init
                0x0000000008000430       0x34 build/obj/chcore_v7m.o
                0x0000000008000430                _port_init
 *fill*         0x0000000008000464        0xc 
 .text._port_irq_epilogue
                0x0000000008000470       0x7c build/obj/chcore_v7m.o
                0x0000000008000470                _port_irq_epilogue
 *fill*         0x00000000080004ec        0x4 
 .text.SysTickVector
                0x00000000080004f0       0x1c build/obj/chcore_v7m.o
                0x00000000080004f0                SysTickVector
 *fill*         0x000000000800050c        0x4 
 .text._port_switch
                0x0000000008000510       0x10 build/obj/chcore_v7m.o
                0x0000000008000510                _port_switch
 .text._port_thread_start
                0x0000000008000520       0x10 build/obj/chcore_v7m.o
                0x0000000008000520                _port_thread_start
 .text.nvicEnableVector
                0x0000000008000530       0x48 build/obj/nvic.o
                0x0000000008000530                nvicEnableVector
 *fill*         0x0000000008000578        0x8 
 .text.nvicSetSystemHandlerPriority
                0x0000000008000580       0x24 build/obj/nvic.o
                0x0000000008000580                nvicSetSystemHandlerPriority
 *fill*         0x00000000080005a4        0xc 
 .text._idle_thread
                0x00000000080005b0       0x18 build/obj/chsys.o
                0x00000000080005b0                _idle_thread
 *fill*         0x00000000080005c8        0x8 
 .text.chSysInit
                0x00000000080005d0       0x70 build/obj/chsys.o
                0x00000000080005d0                chSysInit
 .text.chSysTimerHandlerI
                0x0000000008000640       0x64 build/obj/chsys.o
                0x0000000008000640                chSysTimerHandlerI
 *fill*         0x00000000080006a4        0xc 
 .text._vt_init
                0x00000000080006b0       0x18 build/obj/chvt.o
                0x00000000080006b0                _vt_init
 *fill*         0x00000000080006c8        0x8 
 .text.chVTSetI
                0x00000000080006d0       0x3c build/obj/chvt.o
                0x00000000080006d0                chVTSetI
 *fill*         0x000000000800070c        0x4 
 .text.chVTResetI
                0x0000000008000710       0x24 build/obj/chvt.o
                0x0000000008000710                chVTResetI
 *fill*         0x0000000008000734        0xc 
 .text.wakeup   0x0000000008000740       0x70 build/obj/chschd.o
 .text._scheduler_init
                0x00000000080007b0       0x18 build/obj/chschd.o
                0x00000000080007b0                _scheduler_init
 *fill*         0x00000000080007c8        0x8 
 .text.chSchReadyI
                0x00000000080007d0       0x2c build/obj/chschd.o
                0x00000000080007d0                chSchReadyI
 *fill*         0x00000000080007fc        0x4 
 .text.chSchGoSleepS
                0x0000000008000800       0x28 build/obj/chschd.o
                0x0000000008000800                chSchGoSleepS
 *fill*         0x0000000008000828        0x8 
 .text.chSchGoSleepTimeoutS
                0x0000000008000830       0x50 build/obj/chschd.o
                0x0000000008000830                chSchGoSleepTimeoutS
 .text.chSchWakeupS
                0x0000000008000880       0x6c build/obj/chschd.o
                0x0000000008000880                chSchWakeupS
 *fill*         0x00000000080008ec        0x4 
 .text.chSchDoRescheduleBehind
                0x00000000080008f0       0x44 build/obj/chschd.o
                0x00000000080008f0                chSchDoRescheduleBehind
 *fill*         0x0000000008000934        0xc 
 .text.chSchDoRescheduleAhead
                0x0000000008000940       0x40 build/obj/chschd.o
                0x0000000008000940                chSchDoRescheduleAhead
 .text.chSchDoReschedule
                0x0000000008000980       0x18 build/obj/chschd.o
                0x0000000008000980                chSchDoReschedule
 *fill*         0x0000000008000998        0x8 
 .text._thread_init
                0x00000000080009a0       0x54 build/obj/chthreads.o
                0x00000000080009a0                _thread_init
 *fill*         0x00000000080009f4        0xc 
 .text.chThdCreateI
                0x0000000008000a00       0x7c build/obj/chthreads.o
                0x0000000008000a00                chThdCreateI
 *fill*         0x0000000008000a7c        0x4 
 .text.chThdCreateStatic
                0x0000000008000a80       0x8c build/obj/chthreads.o
                0x0000000008000a80                chThdCreateStatic
 *fill*         0x0000000008000b0c        0x4 
 .text.chThdSleep
                0x0000000008000b10       0x18 build/obj/chthreads.o
                0x0000000008000b10                chThdSleep
 *fill*         0x0000000008000b28        0x8 
 .text.chThdExitS
                0x0000000008000b30       0x44 build/obj/chthreads.o
                0x0000000008000b30                chThdExitS
 *fill*         0x0000000008000b74        0xc 
 .text.chThdExit
                0x0000000008000b80        0xc build/obj/chthreads.o
                0x0000000008000b80                chThdExit
 *fill*         0x0000000008000b8c        0x4 
 .text.chThdRelease
                0x0000000008000b90       0x50 build/obj/chdynamic.o
                0x0000000008000b90                chThdRelease
 .text.chThdCreateFromHeap
                0x0000000008000be0       0x3c build/obj/chdynamic.o
                0x0000000008000be0                chThdCreateFromHeap
 *fill*         0x0000000008000c1c        0x4 
 .text.chMtxInit
                0x0000000008000c20        0xc build/obj/chmtx.o
                0x0000000008000c20                chMtxInit
 *fill*         0x0000000008000c2c        0x4 
 .text.chMtxLockS
                0x0000000008000c30       0xc8 build/obj/chmtx.o
                0x0000000008000c30                chMtxLockS
 *fill*         0x0000000008000cf8        0x8 
 .text.chMtxLock
                0x0000000008000d00       0x14 build/obj/chmtx.o
                0x0000000008000d00                chMtxLock
 *fill*         0x0000000008000d14        0xc 
 .text.chMtxUnlock
                0x0000000008000d20       0x68 build/obj/chmtx.o
                0x0000000008000d20                chMtxUnlock
 *fill*         0x0000000008000d88        0x8 
 .text.chEvtSignalI
                0x0000000008000d90       0x30 build/obj/chevents.o
                0x0000000008000d90                chEvtSignalI
 .text.chEvtBroadcastFlagsI
                0x0000000008000dc0       0x24 build/obj/chevents.o
                0x0000000008000dc0                chEvtBroadcastFlagsI
 *fill*         0x0000000008000de4        0xc 
 .text.qwait    0x0000000008000df0       0x30 build/obj/chqueues.o
 .text.chIQInit
                0x0000000008000e20       0x20 build/obj/chqueues.o
                0x0000000008000e20                chIQInit
 .text.chIQPutI
                0x0000000008000e40       0x50 build/obj/chqueues.o
                0x0000000008000e40                chIQPutI
 .text.chIQGetTimeout
                0x0000000008000e90       0x50 build/obj/chqueues.o
                0x0000000008000e90                chIQGetTimeout
 .text.chIQReadTimeout
                0x0000000008000ee0       0x78 build/obj/chqueues.o
                0x0000000008000ee0                chIQReadTimeout
 *fill*         0x0000000008000f58        0x8 
 .text.chOQInit
                0x0000000008000f60       0x1c build/obj/chqueues.o
                0x0000000008000f60                chOQInit
 *fill*         0x0000000008000f7c        0x4 
 .text.chOQPutTimeout
                0x0000000008000f80       0x54 build/obj/chqueues.o
                0x0000000008000f80                chOQPutTimeout
 *fill*         0x0000000008000fd4        0xc 
 .text.chOQGetI
                0x0000000008000fe0       0x48 build/obj/chqueues.o
                0x0000000008000fe0                chOQGetI
 *fill*         0x0000000008001028        0x8 
 .text.chOQWriteTimeout
                0x0000000008001030       0x78 build/obj/chqueues.o
                0x0000000008001030                chOQWriteTimeout
 *fill*         0x00000000080010a8        0x8 
 .text._core_init
                0x00000000080010b0       0x2c build/obj/chmemcore.o
                0x00000000080010b0                _core_init
 *fill*         0x00000000080010dc        0x4 
 .text.chCoreAlloc
                0x00000000080010e0       0x38 build/obj/chmemcore.o
                0x00000000080010e0                chCoreAlloc
 *fill*         0x0000000008001118        0x8 
 .text._heap_init
                0x0000000008001120       0x20 build/obj/chheap.o
                0x0000000008001120                _heap_init
 .text.chHeapAlloc
                0x0000000008001140       0x88 build/obj/chheap.o
                0x0000000008001140                chHeapAlloc
 *fill*         0x00000000080011c8        0x8 
 .text.chHeapFree
                0x00000000080011d0       0x94 build/obj/chheap.o
                0x00000000080011d0                chHeapFree
 *fill*         0x0000000008001264        0xc 
 .text.chPoolFree
                0x0000000008001270       0x14 build/obj/chmempools.o
                0x0000000008001270                chPoolFree
 *fill*         0x0000000008001284        0xc 
 .text.halInit  0x0000000008001290       0x24 build/obj/hal.o
                0x0000000008001290                halInit
 *fill*         0x00000000080012b4        0xc 
 .text.readt    0x00000000080012c0        0x8 build/obj/serial.o
 *fill*         0x00000000080012c8        0x8 
 .text.read     0x00000000080012d0        0xc build/obj/serial.o
 *fill*         0x00000000080012dc        0x4 
 .text.writet   0x00000000080012e0        0x8 build/obj/serial.o
 *fill*         0x00000000080012e8        0x8 
 .text.write    0x00000000080012f0        0xc build/obj/serial.o
 *fill*         0x00000000080012fc        0x4 
 .text.gett     0x0000000008001300        0x8 build/obj/serial.o
 *fill*         0x0000000008001308        0x8 
 .text.get      0x0000000008001310        0xc build/obj/serial.o
 *fill*         0x000000000800131c        0x4 
 .text.putt     0x0000000008001320        0x8 build/obj/serial.o
 *fill*         0x0000000008001328        0x8 
 .text.put      0x0000000008001330        0xc build/obj/serial.o
 *fill*         0x000000000800133c        0x4 
 .text.sdInit   0x0000000008001340        0x4 build/obj/serial.o
                0x0000000008001340                sdInit
 *fill*         0x0000000008001344        0xc 
 .text.sdObjectInit
                0x0000000008001350       0x44 build/obj/serial.o
                0x0000000008001350                sdObjectInit
 *fill*         0x0000000008001394        0xc 
 .text.sdStart  0x00000000080013a0       0x1c build/obj/serial.o
                0x00000000080013a0                sdStart
 *fill*         0x00000000080013bc        0x4 
 .text.sdIncomingDataI
                0x00000000080013c0       0x3c build/obj/serial.o
                0x00000000080013c0                sdIncomingDataI
 *fill*         0x00000000080013fc        0x4 
 .text.tm_start
                0x0000000008001400       0x10 build/obj/tm.o
 .text.tm_stop  0x0000000008001410       0x38 build/obj/tm.o
 *fill*         0x0000000008001448        0x8 
 .text.tmInit   0x0000000008001450       0x48 build/obj/tm.o
                0x0000000008001450                tmInit
 *fill*         0x0000000008001498        0x8 
 .text.hal_lld_init
                0x00000000080014a0       0x74 build/obj/hal_lld.o
                0x00000000080014a0                hal_lld_init
 *fill*         0x0000000008001514        0xc 
 .text.stm32_clock_init
                0x0000000008001520       0xa0 build/obj/hal_lld.o
                0x0000000008001520                stm32_clock_init
 .text._pal_lld_init
                0x00000000080015c0       0x7c build/obj/pal_lld.o
                0x00000000080015c0                _pal_lld_init
 *fill*         0x000000000800163c        0x4 
 .text._pal_lld_setgroupmode
                0x0000000008001640       0x68 build/obj/pal_lld.o
                0x0000000008001640                _pal_lld_setgroupmode
 *fill*         0x00000000080016a8        0x8 
 .text.notify1  0x00000000080016b0       0x14 build/obj/serial_lld.o
 *fill*         0x00000000080016c4        0xc 
 .text.VectorD4
                0x00000000080016d0      0x104 build/obj/serial_lld.o
                0x00000000080016d0                VectorD4
 *fill*         0x00000000080017d4        0xc 
 .text.sd_lld_init
                0x00000000080017e0       0x28 build/obj/serial_lld.o
                0x00000000080017e0                sd_lld_init
 *fill*         0x0000000008001808        0x8 
 .text.sd_lld_start
                0x0000000008001810       0x80 build/obj/serial_lld.o
                0x0000000008001810                sd_lld_start
 .text.__early_init
                0x0000000008001890        0x4 build/obj/board.o
                0x0000000008001890                __early_init
 *fill*         0x0000000008001894        0xc 
 .text.boardInit
                0x00000000080018a0       0x10 build/obj/board.o
                0x00000000080018a0                boardInit
 .text.long_to_string_with_divisor.constprop.0
                0x00000000080018b0       0x4c build/obj/chprintf.o
 *fill*         0x00000000080018fc        0x4 
 .text.chvprintf
                0x0000000008001900      0x25c build/obj/chprintf.o
                0x0000000008001900                chvprintf
 *fill*         0x0000000008001b5c        0x4 
 .text.chprintf
                0x0000000008001b60       0x20 build/obj/shell.o
 .text.cmd_systime
                0x0000000008001b80       0x30 build/obj/shell.o
 .text.cmd_info
                0x0000000008001bb0       0xe8 build/obj/shell.o
 *fill*         0x0000000008001c98        0x8 
 .text._strtok.constprop.2
                0x0000000008001ca0       0x48 build/obj/shell.o
 *fill*         0x0000000008001ce8        0x8 
 .text.shellInit
                0x0000000008001cf0        0xc build/obj/shell.o
                0x0000000008001cf0                shellInit
 *fill*         0x0000000008001cfc        0x4 
 .text.shellExit
                0x0000000008001d00       0x24 build/obj/shell.o
                0x0000000008001d00                shellExit
 *fill*         0x0000000008001d24        0xc 
 .text.shellCreate
                0x0000000008001d30       0x1c build/obj/shell.o
                0x0000000008001d30                shellCreate
 *fill*         0x0000000008001d4c        0x4 
 .text.shellGetLine
                0x0000000008001d50       0xa0 build/obj/shell.o
                0x0000000008001d50                shellGetLine
 .text.shell_thread
                0x0000000008001df0      0x1e0 build/obj/shell.o
 .text.Lcd_Write_Command
                0x0000000008001fd0       0x48 build/obj/main.o
 *fill*         0x0000000008002018        0x8 
 .text.Thread1  0x0000000008002020       0x3c build/obj/main.o
 *fill*         0x000000000800205c        0x4 
 .text.chprintf
                0x0000000008002060       0x20 build/obj/main.o
 .text.cmd_test
                0x0000000008002080       0x1c build/obj/main.o
 *fill*         0x000000000800209c        0x4 
 .text.cmd_lcd  0x00000000080020a0       0x74 build/obj/main.o
 *fill*         0x0000000008002114        0xc 
 .text.Lcd_Write_Data
                0x0000000008002120       0x5c build/obj/main.o
                0x0000000008002120                Lcd_Write_Data
 *fill*         0x000000000800217c        0x4 
 .text.put      0x0000000008002180        0xc build/obj/main.o
 *fill*         0x000000000800218c        0x4 
 .text.atoi     0x0000000008002190        0x8 /usr/lib/gcc/arm-none-eabi/4.8.2/../../../arm-none-eabi/lib/armv7-m/libc.a(lib_a-atoi.o)
                0x0000000008002190                atoi
 *fill*         0x0000000008002198        0x8 
 .text.strcasecmp
                0x00000000080021a0       0x48 /usr/lib/gcc/arm-none-eabi/4.8.2/../../../arm-none-eabi/lib/armv7-m/libc.a(lib_a-strcasecmp.o)
                0x00000000080021a0                strcasecmp
 *fill*         0x00000000080021e8        0x8 
 .text.strpbrk  0x00000000080021f0       0x50 /usr/lib/gcc/arm-none-eabi/4.8.2/../../../arm-none-eabi/lib/armv7-m/libc.a(lib_a-strpbrk.o)
                0x00000000080021f0                strpbrk
 .text.strspn   0x0000000008002240       0x40 /usr/lib/gcc/arm-none-eabi/4.8.2/../../../arm-none-eabi/lib/armv7-m/libc.a(lib_a-strspn.o)
                0x0000000008002240                strspn
 .text._strtol_r
                0x0000000008002280      0x124 /usr/lib/gcc/arm-none-eabi/4.8.2/../../../arm-none-eabi/lib/armv7-m/libc.a(lib_a-strtol.o)
                0x0000000008002280                _strtol_r
 *fill*         0x00000000080023a4        0xc 
 .text.strtol   0x00000000080023b0       0x1c /usr/lib/gcc/arm-none-eabi/4.8.2/../../../arm-none-eabi/lib/armv7-m/libc.a(lib_a-strtol.o)
                0x00000000080023b0                strtol
 *(.rodata)
 *(.rodata.*)
 *fill*         0x00000000080023cc        0x4 
 .rodata.str1.4
                0x00000000080023d0        0x5 build/obj/chsys.o
                                          0x8 (size before relaxing)
 *fill*         0x00000000080023d5        0xb 
 .rodata.ch_debug
                0x00000000080023e0       0x18 build/obj/chregistry.o
                0x00000000080023e0                ch_debug
 *fill*         0x00000000080023f8        0x8 
 .rodata.vmt    0x0000000008002400       0x20 build/obj/serial.o
 .rodata.cfgtab.6059
                0x0000000008002420       0x14 build/obj/pal_lld.o
 *fill*         0x0000000008002434        0xc 
 .rodata.default_config
                0x0000000008002440        0xc build/obj/serial_lld.o
 *fill*         0x000000000800244c        0x4 
 .rodata.pal_default_config
                0x0000000008002450       0x3c build/obj/board.o
                0x0000000008002450                pal_default_config
 *fill*         0x000000000800248c        0x4 
 .rodata.str1.4
                0x0000000008002490        0x7 build/obj/chprintf.o
                                          0x8 (size before relaxing)
 *fill*         0x0000000008002497        0x9 
 .rodata.str1.4
                0x00000000080024a0      0x1e9 build/obj/shell.o
                                        0x1f0 (size before relaxing)
 *fill*         0x0000000008002689        0x7 
 .rodata.commands
                0x0000000008002690       0x18 build/obj/main.o
 *fill*         0x00000000080026a8        0x8 
 .rodata.str1.4
                0x00000000080026b0       0x78 build/obj/main.o
 *fill*         0x0000000008002728        0x8 
 .rodata.shell_cfg1
                0x0000000008002730        0x8 build/obj/main.o
 *fill*         0x0000000008002738        0x8 
 .rodata.vmt    0x0000000008002740       0x10 build/obj/main.o
 .rodata._ctype_
                0x0000000008002750      0x104 /usr/lib/gcc/arm-none-eabi/4.8.2/../../../arm-none-eabi/lib/armv7-m/libc.a(lib_a-ctype_.o)
                0x0000000008002750                _ctype_
 *fill*         0x0000000008002854        0xc 
 .rodata.str1.4
                0x0000000008002860        0x4 /usr/lib/gcc/arm-none-eabi/4.8.2/../../../arm-none-eabi/lib/armv7-m/libc.a(lib_a-impure.o)
 *(.glue_7t)
 .glue_7t       0x0000000000000000        0x0 linker stubs
 *(.glue_7)
 .glue_7        0x0000000000000000        0x0 linker stubs
 *(.gcc*)

.vfp11_veneer   0x0000000008002864        0x0
 .vfp11_veneer  0x0000000000000000        0x0 linker stubs

.v4_bx          0x0000000008002864        0x0
 .v4_bx         0x0000000000000000        0x0 linker stubs

.iplt           0x0000000008002864        0x0
 .iplt          0x0000000000000000        0x0 build/obj/crt0.o

.rel.dyn        0x0000000008002864        0x0
 .rel.iplt      0x0000000000000000        0x0 build/obj/crt0.o

MyFlash
 *(MyFlash)

.ARM.extab
 *(.ARM.extab* .gnu.linkonce.armextab.*)

.ARM.exidx      0x0000000008002864        0x0
                0x0000000008002864                PROVIDE (__exidx_start, .)
 *(.ARM.exidx* .gnu.linkonce.armexidx.*)
                0x0000000008002864                PROVIDE (__exidx_end, .)

.eh_frame_hdr
 *(.eh_frame_hdr)

.eh_frame
 *(.eh_frame)

.textalign      0x0000000008002864        0x4
                0x0000000008002868                . = ALIGN (0x8)
 *fill*         0x0000000008002864        0x4 
                0x0000000008002868                . = ALIGN (0x4)
                0x0000000008002868                _etext = .
                0x0000000008002868                _textdata = _etext

.stacks         0x0000000020000000      0x400
                0x0000000020000000                . = ALIGN (0x8)
                0x0000000020000000                __main_stack_base__ = .
                0x0000000020000200                . = (. + __main_stack_size__)
 *fill*         0x0000000020000000      0x200 
                0x0000000020000200                . = ALIGN (0x8)
                0x0000000020000200                __main_stack_end__ = .
                0x0000000020000200                __process_stack_base__ = .
                0x0000000020000200                __main_thread_stack_base__ = .
                0x0000000020000400                . = (. + __process_stack_size__)
 *fill*         0x0000000020000200      0x200 
                0x0000000020000400                . = ALIGN (0x8)
                0x0000000020000400                __process_stack_end__ = .
                0x0000000020000400                __main_thread_stack_end__ = .

.data           0x0000000020000400      0x44c load address 0x0000000008002868
                0x0000000020000400                . = ALIGN (0x4)
                0x0000000020000400                PROVIDE (_data, .)
 *(.data)
                0x0000000020000400                . = ALIGN (0x4)
 *(.data.*)
 .data.local_commands
                0x0000000020000400       0x18 build/obj/shell.o
 .data.__ctype_ptr__
                0x0000000020000418        0x4 /usr/lib/gcc/arm-none-eabi/4.8.2/../../../arm-none-eabi/lib/armv7-m/libc.a(lib_a-ctype_.o)
                0x0000000020000418                __ctype_ptr__
 *fill*         0x000000002000041c        0x4 
 .data.impure_data
                0x0000000020000420      0x428 /usr/lib/gcc/arm-none-eabi/4.8.2/../../../arm-none-eabi/lib/armv7-m/libc.a(lib_a-impure.o)
 .data._impure_ptr
                0x0000000020000848        0x4 /usr/lib/gcc/arm-none-eabi/4.8.2/../../../arm-none-eabi/lib/armv7-m/libc.a(lib_a-impure.o)
                0x0000000020000848                _impure_ptr
                0x000000002000084c                . = ALIGN (0x4)
 *(.ramtext)
                0x000000002000084c                . = ALIGN (0x4)
                0x000000002000084c                PROVIDE (_edata, .)

.igot.plt       0x000000002000084c        0x0 load address 0x0000000008002cb4
 .igot.plt      0x0000000000000000        0x0 build/obj/crt0.o

.bss            0x0000000020000850      0x334 load address 0x0000000008002cb4
                0x0000000020000850                . = ALIGN (0x4)
                0x0000000020000850                PROVIDE (_bss_start, .)
 *(.bss)
                0x0000000020000850                . = ALIGN (0x4)
 *(.bss.*)
 .bss.mainthread.4794
                0x0000000020000850       0x48 build/obj/chsys.o
 .bss._idle_thread_wa
                0x0000000020000898       0xc0 build/obj/chsys.o
                0x0000000020000898                _idle_thread_wa
 .bss.vtlist    0x0000000020000958       0x10 build/obj/chvt.o
                0x0000000020000958                vtlist
 .bss.rlist     0x0000000020000968       0x1c build/obj/chschd.o
                0x0000000020000968                rlist
 .bss.endmem    0x0000000020000984        0x4 build/obj/chmemcore.o
 .bss.nextmem   0x0000000020000988        0x4 build/obj/chmemcore.o
 *fill*         0x000000002000098c        0x4 
 .bss.default_heap
                0x0000000020000990       0x20 build/obj/chheap.o
 .bss.measurement_offset
                0x00000000200009b0        0x4 build/obj/tm.o
 .bss.SD1       0x00000000200009b4       0xd8 build/obj/serial_lld.o
                0x00000000200009b4                SD1
 .bss.shell_terminated
                0x0000000020000a8c        0x4 build/obj/shell.o
                0x0000000020000a8c                shell_terminated
 .bss.waThread1
                0x0000000020000a90       0xf0 build/obj/main.o
 .bss.myLCD     0x0000000020000b80        0x4 build/obj/main.o
                0x0000000020000b80                myLCD
                0x0000000020000b84                . = ALIGN (0x4)
 *(COMMON)
                0x0000000020000b84                . = ALIGN (0x4)
                0x0000000020000b84                PROVIDE (_bss_end, .)
                0x0000000020000b84                PROVIDE (end, .)
                0x0000000020000b84                _end = .
                0x0000000020000b84                __heap_base__ = _end
                0x0000000020001000                __heap_end__ = __ram_end__
OUTPUT(build/stm32_tf.elf elf32-littlearm)

.debug_info     0x0000000000000000     0xe9d3
 .debug_info    0x0000000000000000      0x2bf build/obj/crt0.o
 .debug_info    0x00000000000002bf      0x1cc build/obj/vectors.o
 .debug_info    0x000000000000048b      0x7f4 build/obj/chcore_v7m.o
 .debug_info    0x0000000000000c7f      0x406 build/obj/nvic.o
 .debug_info    0x0000000000001085      0x827 build/obj/chsys.o
 .debug_info    0x00000000000018ac      0x203 build/obj/chvt.o
 .debug_info    0x0000000000001aaf      0x974 build/obj/chschd.o
 .debug_info    0x0000000000002423      0xbe2 build/obj/chthreads.o
 .debug_info    0x0000000000003005      0x88c build/obj/chdynamic.o
 .debug_info    0x0000000000003891      0x623 build/obj/chregistry.o
 .debug_info    0x0000000000003eb4      0x9d2 build/obj/chmtx.o
 .debug_info    0x0000000000004886      0xd75 build/obj/chevents.o
 .debug_info    0x00000000000055fb      0xbc3 build/obj/chqueues.o
 .debug_info    0x00000000000061be      0x21f build/obj/chmemcore.o
 .debug_info    0x00000000000063dd      0x6fa build/obj/chheap.o
 .debug_info    0x0000000000006ad7      0x408 build/obj/chmempools.o
 .debug_info    0x0000000000006edf      0x33a build/obj/hal.o
 .debug_info    0x0000000000007219      0xfc0 build/obj/serial.o
 .debug_info    0x00000000000081d9      0x2d8 build/obj/tm.o
 .debug_info    0x00000000000084b1      0x381 build/obj/hal_lld.o
 .debug_info    0x0000000000008832      0x37b build/obj/pal_lld.o
 .debug_info    0x0000000000008bad      0xdfa build/obj/serial_lld.o
 .debug_info    0x00000000000099a7      0x204 build/obj/board.o
 .debug_info    0x0000000000009bab      0x61a build/obj/chprintf.o
 .debug_info    0x000000000000a1c5     0x1416 build/obj/shell.o
 .debug_info    0x000000000000b5db     0x150e build/obj/main.o
 .debug_info    0x000000000000cae9      0x941 /usr/lib/gcc/arm-none-eabi/4.8.2/../../../arm-none-eabi/lib/armv7-m/libc.a(lib_a-atoi.o)
 .debug_info    0x000000000000d42a      0x15d /usr/lib/gcc/arm-none-eabi/4.8.2/../../../arm-none-eabi/lib/armv7-m/libc.a(lib_a-strcasecmp.o)
 .debug_info    0x000000000000d587       0xc8 /usr/lib/gcc/arm-none-eabi/4.8.2/../../../arm-none-eabi/lib/armv7-m/libc.a(lib_a-strpbrk.o)
 .debug_info    0x000000000000d64f       0xda /usr/lib/gcc/arm-none-eabi/4.8.2/../../../arm-none-eabi/lib/armv7-m/libc.a(lib_a-strspn.o)
 .debug_info    0x000000000000d729      0x9a7 /usr/lib/gcc/arm-none-eabi/4.8.2/../../../arm-none-eabi/lib/armv7-m/libc.a(lib_a-strtol.o)
 .debug_info    0x000000000000e0d0       0x6f /usr/lib/gcc/arm-none-eabi/4.8.2/../../../arm-none-eabi/lib/armv7-m/libc.a(lib_a-ctype_.o)
 .debug_info    0x000000000000e13f      0x894 /usr/lib/gcc/arm-none-eabi/4.8.2/../../../arm-none-eabi/lib/armv7-m/libc.a(lib_a-impure.o)

.debug_abbrev   0x0000000000000000     0x3def
 .debug_abbrev  0x0000000000000000       0xf4 build/obj/crt0.o
 .debug_abbrev  0x00000000000000f4       0xaf build/obj/vectors.o
 .debug_abbrev  0x00000000000001a3      0x1e2 build/obj/chcore_v7m.o
 .debug_abbrev  0x0000000000000385      0x10e build/obj/nvic.o
 .debug_abbrev  0x0000000000000493      0x20e build/obj/chsys.o
 .debug_abbrev  0x00000000000006a1      0x117 build/obj/chvt.o
 .debug_abbrev  0x00000000000007b8      0x313 build/obj/chschd.o
 .debug_abbrev  0x0000000000000acb      0x344 build/obj/chthreads.o
 .debug_abbrev  0x0000000000000e0f      0x232 build/obj/chdynamic.o
 .debug_abbrev  0x0000000000001041      0x176 build/obj/chregistry.o
 .debug_abbrev  0x00000000000011b7      0x2f1 build/obj/chmtx.o
 .debug_abbrev  0x00000000000014a8      0x2f8 build/obj/chevents.o
 .debug_abbrev  0x00000000000017a0      0x31d build/obj/chqueues.o
 .debug_abbrev  0x0000000000001abd      0x15b build/obj/chmemcore.o
 .debug_abbrev  0x0000000000001c18      0x1e7 build/obj/chheap.o
 .debug_abbrev  0x0000000000001dff      0x1f7 build/obj/chmempools.o
 .debug_abbrev  0x0000000000001ff6      0x1bf build/obj/hal.o
 .debug_abbrev  0x00000000000021b5      0x2b9 build/obj/serial.o
 .debug_abbrev  0x000000000000246e      0x19a build/obj/tm.o
 .debug_abbrev  0x0000000000002608       0xfa build/obj/hal_lld.o
 .debug_abbrev  0x0000000000002702      0x12a build/obj/pal_lld.o
 .debug_abbrev  0x000000000000282c      0x305 build/obj/serial_lld.o
 .debug_abbrev  0x0000000000002b31      0x11e build/obj/board.o
 .debug_abbrev  0x0000000000002c4f      0x263 build/obj/chprintf.o
 .debug_abbrev  0x0000000000002eb2      0x3e1 build/obj/shell.o
 .debug_abbrev  0x0000000000003293      0x3ff build/obj/main.o
 .debug_abbrev  0x0000000000003692      0x1d1 /usr/lib/gcc/arm-none-eabi/4.8.2/../../../arm-none-eabi/lib/armv7-m/libc.a(lib_a-atoi.o)
 .debug_abbrev  0x0000000000003863       0xa8 /usr/lib/gcc/arm-none-eabi/4.8.2/../../../arm-none-eabi/lib/armv7-m/libc.a(lib_a-strcasecmp.o)
 .debug_abbrev  0x000000000000390b       0x81 /usr/lib/gcc/arm-none-eabi/4.8.2/../../../arm-none-eabi/lib/armv7-m/libc.a(lib_a-strpbrk.o)
 .debug_abbrev  0x000000000000398c       0x8e /usr/lib/gcc/arm-none-eabi/4.8.2/../../../arm-none-eabi/lib/armv7-m/libc.a(lib_a-strspn.o)
 .debug_abbrev  0x0000000000003a1a      0x207 /usr/lib/gcc/arm-none-eabi/4.8.2/../../../arm-none-eabi/lib/armv7-m/libc.a(lib_a-strtol.o)
 .debug_abbrev  0x0000000000003c21       0x4e /usr/lib/gcc/arm-none-eabi/4.8.2/../../../arm-none-eabi/lib/armv7-m/libc.a(lib_a-ctype_.o)
 .debug_abbrev  0x0000000000003c6f      0x180 /usr/lib/gcc/arm-none-eabi/4.8.2/../../../arm-none-eabi/lib/armv7-m/libc.a(lib_a-impure.o)

.debug_loc      0x0000000000000000     0x415a
 .debug_loc     0x0000000000000000       0xe2 build/obj/crt0.o
 .debug_loc     0x00000000000000e2       0x5a build/obj/chcore_v7m.o
 .debug_loc     0x000000000000013c      0x169 build/obj/nvic.o
 .debug_loc     0x00000000000002a5       0x31 build/obj/chsys.o
 .debug_loc     0x00000000000002d6       0x6a build/obj/chvt.o
 .debug_loc     0x0000000000000340      0x2bf build/obj/chschd.o
 .debug_loc     0x00000000000005ff      0x344 build/obj/chthreads.o
 .debug_loc     0x0000000000000943      0x1d4 build/obj/chdynamic.o
 .debug_loc     0x0000000000000b17       0x21 build/obj/chregistry.o
 .debug_loc     0x0000000000000b38      0x38b build/obj/chmtx.o
 .debug_loc     0x0000000000000ec3      0x4b8 build/obj/chevents.o
 .debug_loc     0x000000000000137b      0x6b0 build/obj/chqueues.o
 .debug_loc     0x0000000000001a2b       0xaa build/obj/chmemcore.o
 .debug_loc     0x0000000000001ad5      0x3ae build/obj/chheap.o
 .debug_loc     0x0000000000001e83      0x185 build/obj/chmempools.o
 .debug_loc     0x0000000000002008       0x58 build/obj/hal.o
 .debug_loc     0x0000000000002060      0x4c8 build/obj/serial.o
 .debug_loc     0x0000000000002528       0x6d build/obj/tm.o
 .debug_loc     0x0000000000002595      0x124 build/obj/pal_lld.o
 .debug_loc     0x00000000000026b9      0x1e3 build/obj/serial_lld.o
 .debug_loc     0x000000000000289c      0x746 build/obj/chprintf.o
 .debug_loc     0x0000000000002fe2      0x702 build/obj/shell.o
 .debug_loc     0x00000000000036e4      0x37e build/obj/main.o
 .debug_loc     0x0000000000003a62       0x63 /usr/lib/gcc/arm-none-eabi/4.8.2/../../../arm-none-eabi/lib/armv7-m/libc.a(lib_a-atoi.o)
 .debug_loc     0x0000000000003ac5      0x191 /usr/lib/gcc/arm-none-eabi/4.8.2/../../../arm-none-eabi/lib/armv7-m/libc.a(lib_a-strcasecmp.o)
 .debug_loc     0x0000000000003c56       0xa4 /usr/lib/gcc/arm-none-eabi/4.8.2/../../../arm-none-eabi/lib/armv7-m/libc.a(lib_a-strpbrk.o)
 .debug_loc     0x0000000000003cfa      0x105 /usr/lib/gcc/arm-none-eabi/4.8.2/../../../arm-none-eabi/lib/armv7-m/libc.a(lib_a-strspn.o)
 .debug_loc     0x0000000000003dff      0x35b /usr/lib/gcc/arm-none-eabi/4.8.2/../../../arm-none-eabi/lib/armv7-m/libc.a(lib_a-strtol.o)

.debug_aranges  0x0000000000000000      0x820
 .debug_aranges
                0x0000000000000000       0x38 build/obj/crt0.o
 .debug_aranges
                0x0000000000000038       0x20 build/obj/vectors.o
 .debug_aranges
                0x0000000000000058       0x50 build/obj/chcore_v7m.o
 .debug_aranges
                0x00000000000000a8       0x30 build/obj/nvic.o
 .debug_aranges
                0x00000000000000d8       0x30 build/obj/chsys.o
 .debug_aranges
                0x0000000000000108       0x30 build/obj/chvt.o
 .debug_aranges
                0x0000000000000138       0x68 build/obj/chschd.o
 .debug_aranges
                0x00000000000001a0       0x78 build/obj/chthreads.o
 .debug_aranges
                0x0000000000000218       0x38 build/obj/chdynamic.o
 .debug_aranges
                0x0000000000000250       0x28 build/obj/chregistry.o
 .debug_aranges
                0x0000000000000278       0x58 build/obj/chmtx.o
 .debug_aranges
                0x00000000000002d0       0xa0 build/obj/chevents.o
 .debug_aranges
                0x0000000000000370       0x70 build/obj/chqueues.o
 .debug_aranges
                0x00000000000003e0       0x38 build/obj/chmemcore.o
 .debug_aranges
                0x0000000000000418       0x40 build/obj/chheap.o
 .debug_aranges
                0x0000000000000458       0x48 build/obj/chmempools.o
 .debug_aranges
                0x00000000000004a0       0x30 build/obj/hal.o
 .debug_aranges
                0x00000000000004d0       0x88 build/obj/serial.o
 .debug_aranges
                0x0000000000000558       0x38 build/obj/tm.o
 .debug_aranges
                0x0000000000000590       0x28 build/obj/hal_lld.o
 .debug_aranges
                0x00000000000005b8       0x28 build/obj/pal_lld.o
 .debug_aranges
                0x00000000000005e0       0x40 build/obj/serial_lld.o
 .debug_aranges
                0x0000000000000620       0x28 build/obj/board.o
 .debug_aranges
                0x0000000000000648       0x30 build/obj/chprintf.o
 .debug_aranges
                0x0000000000000678       0x68 build/obj/shell.o
 .debug_aranges
                0x00000000000006e0       0x60 build/obj/main.o
 .debug_aranges
                0x0000000000000740       0x28 /usr/lib/gcc/arm-none-eabi/4.8.2/../../../arm-none-eabi/lib/armv7-m/libc.a(lib_a-atoi.o)
 .debug_aranges
                0x0000000000000768       0x20 /usr/lib/gcc/arm-none-eabi/4.8.2/../../../arm-none-eabi/lib/armv7-m/libc.a(lib_a-strcasecmp.o)
 .debug_aranges
                0x0000000000000788       0x20 /usr/lib/gcc/arm-none-eabi/4.8.2/../../../arm-none-eabi/lib/armv7-m/libc.a(lib_a-strpbrk.o)
 .debug_aranges
                0x00000000000007a8       0x20 /usr/lib/gcc/arm-none-eabi/4.8.2/../../../arm-none-eabi/lib/armv7-m/libc.a(lib_a-strspn.o)
 .debug_aranges
                0x00000000000007c8       0x28 /usr/lib/gcc/arm-none-eabi/4.8.2/../../../arm-none-eabi/lib/armv7-m/libc.a(lib_a-strtol.o)
 .debug_aranges
                0x00000000000007f0       0x18 /usr/lib/gcc/arm-none-eabi/4.8.2/../../../arm-none-eabi/lib/armv7-m/libc.a(lib_a-ctype_.o)
 .debug_aranges
                0x0000000000000808       0x18 /usr/lib/gcc/arm-none-eabi/4.8.2/../../../arm-none-eabi/lib/armv7-m/libc.a(lib_a-impure.o)

.debug_ranges   0x0000000000000000      0xd68
 .debug_ranges  0x0000000000000000       0x28 build/obj/crt0.o
 .debug_ranges  0x0000000000000028       0x10 build/obj/vectors.o
 .debug_ranges  0x0000000000000038       0x58 build/obj/chcore_v7m.o
 .debug_ranges  0x0000000000000090       0x20 build/obj/nvic.o
 .debug_ranges  0x00000000000000b0       0x38 build/obj/chsys.o
 .debug_ranges  0x00000000000000e8       0x20 build/obj/chvt.o
 .debug_ranges  0x0000000000000108      0x150 build/obj/chschd.o
 .debug_ranges  0x0000000000000258      0x160 build/obj/chthreads.o
 .debug_ranges  0x00000000000003b8       0x58 build/obj/chdynamic.o
 .debug_ranges  0x0000000000000410       0x30 build/obj/chregistry.o
 .debug_ranges  0x0000000000000440      0x170 build/obj/chmtx.o
 .debug_ranges  0x00000000000005b0      0x138 build/obj/chevents.o
 .debug_ranges  0x00000000000006e8       0xb8 build/obj/chqueues.o
 .debug_ranges  0x00000000000007a0       0x28 build/obj/chmemcore.o
 .debug_ranges  0x00000000000007c8       0x30 build/obj/chheap.o
 .debug_ranges  0x00000000000007f8       0xc8 build/obj/chmempools.o
 .debug_ranges  0x00000000000008c0       0x38 build/obj/hal.o
 .debug_ranges  0x00000000000008f8       0xa8 build/obj/serial.o
 .debug_ranges  0x00000000000009a0       0x78 build/obj/tm.o
 .debug_ranges  0x0000000000000a18       0x38 build/obj/hal_lld.o
 .debug_ranges  0x0000000000000a50       0x18 build/obj/pal_lld.o
 .debug_ranges  0x0000000000000a68       0x80 build/obj/serial_lld.o
 .debug_ranges  0x0000000000000ae8       0x18 build/obj/board.o
 .debug_ranges  0x0000000000000b00       0x38 build/obj/chprintf.o
 .debug_ranges  0x0000000000000b38       0xe8 build/obj/shell.o
 .debug_ranges  0x0000000000000c20       0xe8 build/obj/main.o
 .debug_ranges  0x0000000000000d08       0x18 /usr/lib/gcc/arm-none-eabi/4.8.2/../../../arm-none-eabi/lib/armv7-m/libc.a(lib_a-atoi.o)
 .debug_ranges  0x0000000000000d20       0x10 /usr/lib/gcc/arm-none-eabi/4.8.2/../../../arm-none-eabi/lib/armv7-m/libc.a(lib_a-strcasecmp.o)
 .debug_ranges  0x0000000000000d30       0x10 /usr/lib/gcc/arm-none-eabi/4.8.2/../../../arm-none-eabi/lib/armv7-m/libc.a(lib_a-strpbrk.o)
 .debug_ranges  0x0000000000000d40       0x10 /usr/lib/gcc/arm-none-eabi/4.8.2/../../../arm-none-eabi/lib/armv7-m/libc.a(lib_a-strspn.o)
 .debug_ranges  0x0000000000000d50       0x18 /usr/lib/gcc/arm-none-eabi/4.8.2/../../../arm-none-eabi/lib/armv7-m/libc.a(lib_a-strtol.o)

.debug_line     0x0000000000000000     0x3ee6
 .debug_line    0x0000000000000000      0x104 build/obj/crt0.o
 .debug_line    0x0000000000000104       0xae build/obj/vectors.o
 .debug_line    0x00000000000001b2      0x1df build/obj/chcore_v7m.o
 .debug_line    0x0000000000000391       0xe7 build/obj/nvic.o
 .debug_line    0x0000000000000478      0x1cd build/obj/chsys.o
 .debug_line    0x0000000000000645      0x122 build/obj/chvt.o
 .debug_line    0x0000000000000767      0x329 build/obj/chschd.o
 .debug_line    0x0000000000000a90      0x37e build/obj/chthreads.o
 .debug_line    0x0000000000000e0e      0x1e9 build/obj/chdynamic.o
 .debug_line    0x0000000000000ff7      0x197 build/obj/chregistry.o
 .debug_line    0x000000000000118e      0x31b build/obj/chmtx.o
 .debug_line    0x00000000000014a9      0x2fb build/obj/chevents.o
 .debug_line    0x00000000000017a4      0x359 build/obj/chqueues.o
 .debug_line    0x0000000000001afd      0x123 build/obj/chmemcore.o
 .debug_line    0x0000000000001c20      0x23f build/obj/chheap.o
 .debug_line    0x0000000000001e5f      0x1a2 build/obj/chmempools.o
 .debug_line    0x0000000000002001      0x225 build/obj/hal.o
 .debug_line    0x0000000000002226      0x32e build/obj/serial.o
 .debug_line    0x0000000000002554      0x1b9 build/obj/tm.o
 .debug_line    0x000000000000270d      0x19c build/obj/hal_lld.o
 .debug_line    0x00000000000028a9      0x18a build/obj/pal_lld.o
 .debug_line    0x0000000000002a33      0x308 build/obj/serial_lld.o
 .debug_line    0x0000000000002d3b      0x156 build/obj/board.o
 .debug_line    0x0000000000002e91      0x24e build/obj/chprintf.o
 .debug_line    0x00000000000030df      0x398 build/obj/shell.o
 .debug_line    0x0000000000003477      0x416 build/obj/main.o
 .debug_line    0x000000000000388d      0x132 /usr/lib/gcc/arm-none-eabi/4.8.2/../../../arm-none-eabi/lib/armv7-m/libc.a(lib_a-atoi.o)
 .debug_line    0x00000000000039bf       0xc4 /usr/lib/gcc/arm-none-eabi/4.8.2/../../../arm-none-eabi/lib/armv7-m/libc.a(lib_a-strcasecmp.o)
 .debug_line    0x0000000000003a83       0xb5 /usr/lib/gcc/arm-none-eabi/4.8.2/../../../arm-none-eabi/lib/armv7-m/libc.a(lib_a-strpbrk.o)
 .debug_line    0x0000000000003b38       0xdd /usr/lib/gcc/arm-none-eabi/4.8.2/../../../arm-none-eabi/lib/armv7-m/libc.a(lib_a-strspn.o)
 .debug_line    0x0000000000003c15      0x1a4 /usr/lib/gcc/arm-none-eabi/4.8.2/../../../arm-none-eabi/lib/armv7-m/libc.a(lib_a-strtol.o)
 .debug_line    0x0000000000003db9       0x57 /usr/lib/gcc/arm-none-eabi/4.8.2/../../../arm-none-eabi/lib/armv7-m/libc.a(lib_a-ctype_.o)
 .debug_line    0x0000000000003e10       0xd6 /usr/lib/gcc/arm-none-eabi/4.8.2/../../../arm-none-eabi/lib/armv7-m/libc.a(lib_a-impure.o)

.debug_str      0x0000000000000000     0x2030
 .debug_str     0x0000000000000000      0x24e build/obj/crt0.o
                                        0x299 (size before relaxing)
 .debug_str     0x000000000000024e      0x145 build/obj/vectors.o
                                        0x2ba (size before relaxing)
 .debug_str     0x0000000000000393      0x2e5 build/obj/chcore_v7m.o
                                        0x476 (size before relaxing)
 .debug_str     0x0000000000000678       0x9e build/obj/nvic.o
                                        0x28c (size before relaxing)
 .debug_str     0x0000000000000716      0x209 build/obj/chsys.o
                                        0x564 (size before relaxing)
 .debug_str     0x000000000000091f       0x36 build/obj/chvt.o
                                        0x20d (size before relaxing)
 .debug_str     0x0000000000000955       0xd5 build/obj/chschd.o
                                        0x483 (size before relaxing)
 .debug_str     0x0000000000000a2a       0xd3 build/obj/chthreads.o
                                        0x4ee (size before relaxing)
 .debug_str     0x0000000000000afd      0x10d build/obj/chdynamic.o
                                        0x470 (size before relaxing)
 .debug_str     0x0000000000000c0a       0x42 build/obj/chregistry.o
                                        0x47c (size before relaxing)
 .debug_str     0x0000000000000c4c       0x91 build/obj/chmtx.o
                                        0x408 (size before relaxing)
 .debug_str     0x0000000000000cdd      0x1b9 build/obj/chevents.o
                                        0x52c (size before relaxing)
 .debug_str     0x0000000000000e96      0x126 build/obj/chqueues.o
                                        0x493 (size before relaxing)
 .debug_str     0x0000000000000fbc       0x70 build/obj/chmemcore.o
                                        0x202 (size before relaxing)
 .debug_str     0x000000000000102c       0x48 build/obj/chheap.o
                                        0x3f7 (size before relaxing)
 .debug_str     0x0000000000001074       0x55 build/obj/chmempools.o
                                        0x250 (size before relaxing)
 .debug_str     0x00000000000010c9      0x12c build/obj/hal.o
                                        0x2bc (size before relaxing)
 .debug_str     0x00000000000011f5      0x169 build/obj/serial.o
                                        0x60b (size before relaxing)
 .debug_str     0x000000000000135e       0x62 build/obj/tm.o
                                        0x253 (size before relaxing)
 .debug_str     0x00000000000013c0       0xfe build/obj/hal_lld.o
                                        0x2f3 (size before relaxing)
 .debug_str     0x00000000000014be       0x88 build/obj/pal_lld.o
                                        0x2c0 (size before relaxing)
 .debug_str     0x0000000000001546       0x75 build/obj/serial_lld.o
                                        0x620 (size before relaxing)
 .debug_str     0x00000000000015bb       0x42 build/obj/board.o
                                        0x24f (size before relaxing)
 .debug_str     0x00000000000015fd      0x10b build/obj/chprintf.o
                                        0x2c6 (size before relaxing)
 .debug_str     0x0000000000001708      0x158 build/obj/shell.o
                                        0x680 (size before relaxing)
 .debug_str     0x0000000000001860       0xe3 build/obj/main.o
                                        0x792 (size before relaxing)
 .debug_str     0x0000000000001943      0x4a1 /usr/lib/gcc/arm-none-eabi/4.8.2/../../../arm-none-eabi/lib/armv7-m/libc.a(lib_a-atoi.o)
                                        0x560 (size before relaxing)
 .debug_str     0x0000000000001de4       0x94 /usr/lib/gcc/arm-none-eabi/4.8.2/../../../arm-none-eabi/lib/armv7-m/libc.a(lib_a-strcasecmp.o)
                                        0x1b5 (size before relaxing)
 .debug_str     0x0000000000001e78       0x2f /usr/lib/gcc/arm-none-eabi/4.8.2/../../../arm-none-eabi/lib/armv7-m/libc.a(lib_a-strpbrk.o)
                                        0x197 (size before relaxing)
 .debug_str     0x0000000000001ea7       0x2e /usr/lib/gcc/arm-none-eabi/4.8.2/../../../arm-none-eabi/lib/armv7-m/libc.a(lib_a-strspn.o)
                                        0x19c (size before relaxing)
 .debug_str     0x0000000000001ed5       0x48 /usr/lib/gcc/arm-none-eabi/4.8.2/../../../arm-none-eabi/lib/armv7-m/libc.a(lib_a-strtol.o)
                                        0x593 (size before relaxing)
 .debug_str     0x0000000000001f1d       0x7e /usr/lib/gcc/arm-none-eabi/4.8.2/../../../arm-none-eabi/lib/armv7-m/libc.a(lib_a-ctype_.o)
                                        0x11e (size before relaxing)
 .debug_str     0x0000000000001f9b       0x95 /usr/lib/gcc/arm-none-eabi/4.8.2/../../../arm-none-eabi/lib/armv7-m/libc.a(lib_a-impure.o)
                                        0x56d (size before relaxing)

.comment        0x0000000000000000       0x1f
 .comment       0x0000000000000000       0x1f build/obj/crt0.o
                                         0x20 (size before relaxing)
 .comment       0x0000000000000000       0x20 build/obj/vectors.o
 .comment       0x0000000000000000       0x20 build/obj/chcore_v7m.o
 .comment       0x0000000000000000       0x20 build/obj/nvic.o
 .comment       0x0000000000000000       0x20 build/obj/chsys.o
 .comment       0x0000000000000000       0x20 build/obj/chvt.o
 .comment       0x0000000000000000       0x20 build/obj/chschd.o
 .comment       0x0000000000000000       0x20 build/obj/chthreads.o
 .comment       0x0000000000000000       0x20 build/obj/chdynamic.o
 .comment       0x0000000000000000       0x20 build/obj/chregistry.o
 .comment       0x0000000000000000       0x20 build/obj/chmtx.o
 .comment       0x0000000000000000       0x20 build/obj/chevents.o
 .comment       0x0000000000000000       0x20 build/obj/chqueues.o
 .comment       0x0000000000000000       0x20 build/obj/chmemcore.o
 .comment       0x0000000000000000       0x20 build/obj/chheap.o
 .comment       0x0000000000000000       0x20 build/obj/chmempools.o
 .comment       0x0000000000000000       0x20 build/obj/hal.o
 .comment       0x0000000000000000       0x20 build/obj/serial.o
 .comment       0x0000000000000000       0x20 build/obj/tm.o
 .comment       0x0000000000000000       0x20 build/obj/hal_lld.o
 .comment       0x0000000000000000       0x20 build/obj/pal_lld.o
 .comment       0x0000000000000000       0x20 build/obj/serial_lld.o
 .comment       0x0000000000000000       0x20 build/obj/board.o
 .comment       0x0000000000000000       0x20 build/obj/chprintf.o
 .comment       0x0000000000000000       0x20 build/obj/shell.o
 .comment       0x0000000000000000       0x20 build/obj/main.o
 .comment       0x0000000000000000       0x20 /usr/lib/gcc/arm-none-eabi/4.8.2/../../../arm-none-eabi/lib/armv7-m/libc.a(lib_a-atoi.o)
 .comment       0x0000000000000000       0x20 /usr/lib/gcc/arm-none-eabi/4.8.2/../../../arm-none-eabi/lib/armv7-m/libc.a(lib_a-strcasecmp.o)
 .comment       0x0000000000000000       0x20 /usr/lib/gcc/arm-none-eabi/4.8.2/../../../arm-none-eabi/lib/armv7-m/libc.a(lib_a-strpbrk.o)
 .comment       0x0000000000000000       0x20 /usr/lib/gcc/arm-none-eabi/4.8.2/../../../arm-none-eabi/lib/armv7-m/libc.a(lib_a-strspn.o)
 .comment       0x0000000000000000       0x20 /usr/lib/gcc/arm-none-eabi/4.8.2/../../../arm-none-eabi/lib/armv7-m/libc.a(lib_a-strtol.o)
 .comment       0x0000000000000000       0x20 /usr/lib/gcc/arm-none-eabi/4.8.2/../../../arm-none-eabi/lib/armv7-m/libc.a(lib_a-ctype_.o)
 .comment       0x0000000000000000       0x20 /usr/lib/gcc/arm-none-eabi/4.8.2/../../../arm-none-eabi/lib/armv7-m/libc.a(lib_a-impure.o)

.ARM.attributes
                0x0000000000000000       0x31
 .ARM.attributes
                0x0000000000000000       0x33 build/obj/crt0.o
 .ARM.attributes
                0x0000000000000033       0x33 build/obj/vectors.o
 .ARM.attributes
                0x0000000000000066       0x33 build/obj/chcore_v7m.o
 .ARM.attributes
                0x0000000000000099       0x33 build/obj/nvic.o
 .ARM.attributes
                0x00000000000000cc       0x33 build/obj/chsys.o
 .ARM.attributes
                0x00000000000000ff       0x33 build/obj/chvt.o
 .ARM.attributes
                0x0000000000000132       0x33 build/obj/chschd.o
 .ARM.attributes
                0x0000000000000165       0x33 build/obj/chthreads.o
 .ARM.attributes
                0x0000000000000198       0x33 build/obj/chdynamic.o
 .ARM.attributes
                0x00000000000001cb       0x33 build/obj/chregistry.o
 .ARM.attributes
                0x00000000000001fe       0x33 build/obj/chmtx.o
 .ARM.attributes
                0x0000000000000231       0x33 build/obj/chevents.o
 .ARM.attributes
                0x0000000000000264       0x33 build/obj/chqueues.o
 .ARM.attributes
                0x0000000000000297       0x33 build/obj/chmemcore.o
 .ARM.attributes
                0x00000000000002ca       0x33 build/obj/chheap.o
 .ARM.attributes
                0x00000000000002fd       0x33 build/obj/chmempools.o
 .ARM.attributes
                0x0000000000000330       0x33 build/obj/hal.o
 .ARM.attributes
                0x0000000000000363       0x33 build/obj/serial.o
 .ARM.attributes
                0x0000000000000396       0x33 build/obj/tm.o
 .ARM.attributes
                0x00000000000003c9       0x33 build/obj/hal_lld.o
 .ARM.attributes
                0x00000000000003fc       0x33 build/obj/pal_lld.o
 .ARM.attributes
                0x000000000000042f       0x33 build/obj/serial_lld.o
 .ARM.attributes
                0x0000000000000462       0x33 build/obj/board.o
 .ARM.attributes
                0x0000000000000495       0x33 build/obj/chprintf.o
 .ARM.attributes
                0x00000000000004c8       0x33 build/obj/shell.o
 .ARM.attributes
                0x00000000000004fb       0x33 build/obj/main.o
 .ARM.attributes
                0x000000000000052e       0x2d /usr/lib/gcc/arm-none-eabi/4.8.2/../../../arm-none-eabi/lib/armv7-m/libc.a(lib_a-atoi.o)
 .ARM.attributes
                0x000000000000055b       0x2d /usr/lib/gcc/arm-none-eabi/4.8.2/../../../arm-none-eabi/lib/armv7-m/libc.a(lib_a-strcasecmp.o)
 .ARM.attributes
                0x0000000000000588       0x2d /usr/lib/gcc/arm-none-eabi/4.8.2/../../../arm-none-eabi/lib/armv7-m/libc.a(lib_a-strpbrk.o)
 .ARM.attributes
                0x00000000000005b5       0x2d /usr/lib/gcc/arm-none-eabi/4.8.2/../../../arm-none-eabi/lib/armv7-m/libc.a(lib_a-strspn.o)
 .ARM.attributes
                0x00000000000005e2       0x2d /usr/lib/gcc/arm-none-eabi/4.8.2/../../../arm-none-eabi/lib/armv7-m/libc.a(lib_a-strtol.o)
 .ARM.attributes
                0x000000000000060f       0x2d /usr/lib/gcc/arm-none-eabi/4.8.2/../../../arm-none-eabi/lib/armv7-m/libc.a(lib_a-ctype_.o)
 .ARM.attributes
                0x000000000000063c       0x2d /usr/lib/gcc/arm-none-eabi/4.8.2/../../../arm-none-eabi/lib/armv7-m/libc.a(lib_a-impure.o)

.debug_frame    0x0000000000000000     0x1230
 .debug_frame   0x0000000000000000       0x50 build/obj/crt0.o
 .debug_frame   0x0000000000000050       0x20 build/obj/vectors.o
 .debug_frame   0x0000000000000070       0x98 build/obj/chcore_v7m.o
 .debug_frame   0x0000000000000108       0x54 build/obj/nvic.o
 .debug_frame   0x000000000000015c       0x5c build/obj/chsys.o
 .debug_frame   0x00000000000001b8       0x4c build/obj/chvt.o
 .debug_frame   0x0000000000000204      0x108 build/obj/chschd.o
 .debug_frame   0x000000000000030c      0x180 build/obj/chthreads.o
 .debug_frame   0x000000000000048c       0x7c build/obj/chdynamic.o
 .debug_frame   0x0000000000000508       0x3c build/obj/chregistry.o
 .debug_frame   0x0000000000000544       0xe4 build/obj/chmtx.o
 .debug_frame   0x0000000000000628      0x1e0 build/obj/chevents.o
 .debug_frame   0x0000000000000808      0x180 build/obj/chqueues.o
 .debug_frame   0x0000000000000988       0x50 build/obj/chmemcore.o
 .debug_frame   0x00000000000009d8       0x98 build/obj/chheap.o
 .debug_frame   0x0000000000000a70       0x90 build/obj/chmempools.o
 .debug_frame   0x0000000000000b00       0x54 build/obj/hal.o
 .debug_frame   0x0000000000000b54      0x13c build/obj/serial.o
 .debug_frame   0x0000000000000c90       0x6c build/obj/tm.o
 .debug_frame   0x0000000000000cfc       0x40 build/obj/hal_lld.o
 .debug_frame   0x0000000000000d3c       0x48 build/obj/pal_lld.o
 .debug_frame   0x0000000000000d84       0x8c build/obj/serial_lld.o
 .debug_frame   0x0000000000000e10       0x30 build/obj/board.o
 .debug_frame   0x0000000000000e40       0x8c build/obj/chprintf.o
 .debug_frame   0x0000000000000ecc      0x140 build/obj/shell.o
 .debug_frame   0x000000000000100c      0x124 build/obj/main.o
 .debug_frame   0x0000000000001130       0x30 /usr/lib/gcc/arm-none-eabi/4.8.2/../../../arm-none-eabi/lib/armv7-m/libc.a(lib_a-atoi.o)
 .debug_frame   0x0000000000001160       0x28 /usr/lib/gcc/arm-none-eabi/4.8.2/../../../arm-none-eabi/lib/armv7-m/libc.a(lib_a-strcasecmp.o)
 .debug_frame   0x0000000000001188       0x2c /usr/lib/gcc/arm-none-eabi/4.8.2/../../../arm-none-eabi/lib/armv7-m/libc.a(lib_a-strpbrk.o)
 .debug_frame   0x00000000000011b4       0x2c /usr/lib/gcc/arm-none-eabi/4.8.2/../../../arm-none-eabi/lib/armv7-m/libc.a(lib_a-strspn.o)
 .debug_frame   0x00000000000011e0       0x50 /usr/lib/gcc/arm-none-eabi/4.8.2/../../../arm-none-eabi/lib/armv7-m/libc.a(lib_a-strtol.o)

Cross Reference Table

Symbol                                            File
BusFaultVector                                    build/obj/vectors.o
DebugMonitorVector                                build/obj/vectors.o
HardFaultVector                                   build/obj/vectors.o
Lcd_Write_Data                                    build/obj/main.o
MemManageVector                                   build/obj/vectors.o
NMIVector                                         build/obj/vectors.o
PendSVVector                                      build/obj/vectors.o
ResetHandler                                      build/obj/crt0.o
                                                  build/obj/vectors.o
SD1                                               build/obj/serial_lld.o
                                                  build/obj/main.o
SVCallVector                                      build/obj/chcore_v7m.o
                                                  build/obj/vectors.o
SysTickVector                                     build/obj/chcore_v7m.o
                                                  build/obj/vectors.o
UsageFaultVector                                  build/obj/vectors.o
Vector1C                                          build/obj/vectors.o
Vector20                                          build/obj/vectors.o
Vector24                                          build/obj/vectors.o
Vector28                                          build/obj/vectors.o
Vector34                                          build/obj/vectors.o
Vector40                                          build/obj/vectors.o
Vector44                                          build/obj/vectors.o
Vector48                                          build/obj/vectors.o
Vector4C                                          build/obj/vectors.o
Vector50                                          build/obj/vectors.o
Vector54                                          build/obj/vectors.o
Vector58                                          build/obj/vectors.o
Vector5C                                          build/obj/vectors.o
Vector60                                          build/obj/vectors.o
Vector64                                          build/obj/vectors.o
Vector68                                          build/obj/vectors.o
Vector6C                                          build/obj/vectors.o
Vector70                                          build/obj/vectors.o
Vector74                                          build/obj/vectors.o
Vector78                                          build/obj/vectors.o
Vector7C                                          build/obj/vectors.o
Vector80                                          build/obj/vectors.o
Vector84                                          build/obj/vectors.o
Vector88                                          build/obj/vectors.o
Vector8C                                          build/obj/vectors.o
Vector90                                          build/obj/vectors.o
Vector94                                          build/obj/vectors.o
Vector98                                          build/obj/vectors.o
Vector9C                                          build/obj/vectors.o
VectorA0                                          build/obj/vectors.o
VectorA4                                          build/obj/vectors.o
VectorA8                                          build/obj/vectors.o
VectorAC                                          build/obj/vectors.o
VectorB0                                          build/obj/vectors.o
VectorB4                                          build/obj/vectors.o
VectorB8                                          build/obj/vectors.o
VectorBC                                          build/obj/vectors.o
VectorC0                                          build/obj/vectors.o
VectorC4                                          build/obj/vectors.o
VectorC8                                          build/obj/vectors.o
VectorCC                                          build/obj/vectors.o
VectorD0                                          build/obj/vectors.o
VectorD4                                          build/obj/serial_lld.o
                                                  build/obj/vectors.o
VectorD8                                          build/obj/vectors.o
VectorDC                                          build/obj/vectors.o
VectorE0                                          build/obj/vectors.o
VectorE4                                          build/obj/vectors.o
VectorE8                                          build/obj/vectors.o
__ctype_ptr__                                     /usr/lib/gcc/arm-none-eabi/4.8.2/../../../arm-none-eabi/lib/armv7-m/libc.a(lib_a-ctype_.o)
                                                  /usr/lib/gcc/arm-none-eabi/4.8.2/../../../arm-none-eabi/lib/armv7-m/libc.a(lib_a-strtol.o)
                                                  /usr/lib/gcc/arm-none-eabi/4.8.2/../../../arm-none-eabi/lib/armv7-m/libc.a(lib_a-strcasecmp.o)
__early_init                                      build/obj/board.o
                                                  build/obj/crt0.o
__fini_array_end                                  build/obj/crt0.o
__fini_array_start                                build/obj/crt0.o
__heap_base__                                     build/obj/chmemcore.o
__heap_end__                                      build/obj/chmemcore.o
__init_array_end                                  build/obj/crt0.o
__init_array_start                                build/obj/crt0.o
__late_init                                       build/obj/crt0.o
__main_stack_base__                               build/obj/crt0.o
__main_stack_end__                                build/obj/vectors.o
                                                  build/obj/crt0.o
__process_stack_base__                            build/obj/crt0.o
__process_stack_end__                             build/obj/crt0.o
_atoi_r                                           /usr/lib/gcc/arm-none-eabi/4.8.2/../../../arm-none-eabi/lib/armv7-m/libc.a(lib_a-atoi.o)
_bss_end                                          build/obj/crt0.o
_bss_start                                        build/obj/crt0.o
_close_r                                          build/obj/syscalls.o
_core_init                                        build/obj/chmemcore.o
                                                  build/obj/chsys.o
_ctype_                                           /usr/lib/gcc/arm-none-eabi/4.8.2/../../../arm-none-eabi/lib/armv7-m/libc.a(lib_a-ctype_.o)
_data                                             build/obj/crt0.o
_default_exit                                     build/obj/crt0.o
_edata                                            build/obj/crt0.o
_fstat_r                                          build/obj/syscalls.o
_global_impure_ptr                                /usr/lib/gcc/arm-none-eabi/4.8.2/../../../arm-none-eabi/lib/armv7-m/libc.a(lib_a-impure.o)
_heap_init                                        build/obj/chheap.o
                                                  build/obj/chsys.o
_idle_thread                                      build/obj/chsys.o
_idle_thread_wa                                   build/obj/chsys.o
_impure_ptr                                       /usr/lib/gcc/arm-none-eabi/4.8.2/../../../arm-none-eabi/lib/armv7-m/libc.a(lib_a-impure.o)
                                                  /usr/lib/gcc/arm-none-eabi/4.8.2/../../../arm-none-eabi/lib/armv7-m/libc.a(lib_a-strtol.o)
_isatty_r                                         build/obj/syscalls.o
_lseek_r                                          build/obj/syscalls.o
_pal_lld_init                                     build/obj/pal_lld.o
                                                  build/obj/hal.o
_pal_lld_setgroupmode                             build/obj/pal_lld.o
                                                  build/obj/main.o
                                                  build/obj/pal.o
_port_init                                        build/obj/chcore_v7m.o
                                                  build/obj/chsys.o
_port_irq_epilogue                                build/obj/chcore_v7m.o
                                                  build/obj/serial_lld.o
_port_switch                                      build/obj/chcore_v7m.o
                                                  build/obj/chschd.o
_port_switch_from_isr                             build/obj/chcore_v7m.o
_port_thread_start                                build/obj/chcore_v7m.o
                                                  build/obj/chthreads.o
_read_r                                           build/obj/syscalls.o
_sbrk_r                                           build/obj/syscalls.o
_scheduler_init                                   build/obj/chschd.o
                                                  build/obj/chsys.o
_strtol_r                                         /usr/lib/gcc/arm-none-eabi/4.8.2/../../../arm-none-eabi/lib/armv7-m/libc.a(lib_a-strtol.o)
                                                  /usr/lib/gcc/arm-none-eabi/4.8.2/../../../arm-none-eabi/lib/armv7-m/libc.a(lib_a-atoi.o)
_textdata                                         build/obj/crt0.o
_thread_init                                      build/obj/chthreads.o
                                                  build/obj/chsys.o
_unhandled_exception                              build/obj/vectors.o
_vectors                                          build/obj/vectors.o
_vt_init                                          build/obj/chvt.o
                                                  build/obj/chsys.o
_write_r                                          build/obj/syscalls.o
atoi                                              /usr/lib/gcc/arm-none-eabi/4.8.2/../../../arm-none-eabi/lib/armv7-m/libc.a(lib_a-atoi.o)
                                                  build/obj/main.o
boardInit                                         build/obj/board.o
                                                  build/obj/hal.o
chCondBroadcast                                   build/obj/chcond.o
chCondBroadcastI                                  build/obj/chcond.o
chCondInit                                        build/obj/chcond.o
chCondSignal                                      build/obj/chcond.o
chCondSignalI                                     build/obj/chcond.o
chCondWait                                        build/obj/chcond.o
chCondWaitS                                       build/obj/chcond.o
chCondWaitTimeout                                 build/obj/chcond.o
chCondWaitTimeoutS                                build/obj/chcond.o
chCoreAlloc                                       build/obj/chmemcore.o
                                                  build/obj/syscalls.o
                                                  build/obj/chheap.o
chCoreAllocI                                      build/obj/chmemcore.o
chCoreStatus                                      build/obj/chmemcore.o
chEvtAddEvents                                    build/obj/chevents.o
chEvtBroadcastFlags                               build/obj/chevents.o
chEvtBroadcastFlagsI                              build/obj/chevents.o
                                                  build/obj/shell.o
                                                  build/obj/evtimer.o
                                                  build/obj/serial_lld.o
                                                  build/obj/serial.o
chEvtDispatch                                     build/obj/chevents.o
chEvtGetAndClearEvents                            build/obj/chevents.o
chEvtGetAndClearFlags                             build/obj/chevents.o
chEvtGetAndClearFlagsI                            build/obj/chevents.o
chEvtRegisterMask                                 build/obj/chevents.o
chEvtSignal                                       build/obj/chevents.o
chEvtSignalI                                      build/obj/chevents.o
chEvtUnregister                                   build/obj/chevents.o
chEvtWaitAll                                      build/obj/chevents.o
chEvtWaitAllTimeout                               build/obj/chevents.o
chEvtWaitAny                                      build/obj/chevents.o
chEvtWaitAnyTimeout                               build/obj/chevents.o
chEvtWaitOne                                      build/obj/chevents.o
chEvtWaitOneTimeout                               build/obj/chevents.o
chHeapAlloc                                       build/obj/chheap.o
                                                  build/obj/chdynamic.o
chHeapFree                                        build/obj/chheap.o
                                                  build/obj/chdynamic.o
chHeapInit                                        build/obj/chheap.o
chHeapStatus                                      build/obj/chheap.o
chIQGetTimeout                                    build/obj/chqueues.o
                                                  build/obj/serial.o
chIQInit                                          build/obj/chqueues.o
                                                  build/obj/serial.o
chIQPutI                                          build/obj/chqueues.o
                                                  build/obj/serial.o
chIQReadTimeout                                   build/obj/chqueues.o
                                                  build/obj/serial.o
chIQResetI                                        build/obj/chqueues.o
                                                  build/obj/serial.o
chMBFetch                                         build/obj/chmboxes.o
chMBFetchI                                        build/obj/chmboxes.o
chMBFetchS                                        build/obj/chmboxes.o
chMBInit                                          build/obj/chmboxes.o
chMBPost                                          build/obj/chmboxes.o
chMBPostAhead                                     build/obj/chmboxes.o
chMBPostAheadI                                    build/obj/chmboxes.o
chMBPostAheadS                                    build/obj/chmboxes.o
chMBPostI                                         build/obj/chmboxes.o
chMBPostS                                         build/obj/chmboxes.o
chMBReset                                         build/obj/chmboxes.o
chMsgRelease                                      build/obj/chmsg.o
chMsgSend                                         build/obj/chmsg.o
chMsgWait                                         build/obj/chmsg.o
chMtxInit                                         build/obj/chmtx.o
                                                  build/obj/chheap.o
chMtxLock                                         build/obj/chmtx.o
                                                  build/obj/chheap.o
chMtxLockS                                        build/obj/chmtx.o
                                                  build/obj/chcond.o
chMtxTryLock                                      build/obj/chmtx.o
chMtxTryLockS                                     build/obj/chmtx.o
chMtxUnlock                                       build/obj/chmtx.o
                                                  build/obj/chheap.o
chMtxUnlockAll                                    build/obj/chmtx.o
chMtxUnlockS                                      build/obj/chmtx.o
                                                  build/obj/chcond.o
chOQGetI                                          build/obj/chqueues.o
                                                  build/obj/serial_lld.o
                                                  build/obj/serial.o
chOQInit                                          build/obj/chqueues.o
                                                  build/obj/serial.o
chOQPutTimeout                                    build/obj/chqueues.o
                                                  build/obj/serial.o
chOQResetI                                        build/obj/chqueues.o
                                                  build/obj/serial.o
chOQWriteTimeout                                  build/obj/chqueues.o
                                                  build/obj/serial.o
chPoolAlloc                                       build/obj/chmempools.o
                                                  build/obj/chdynamic.o
chPoolAllocI                                      build/obj/chmempools.o
chPoolFree                                        build/obj/chmempools.o
                                                  build/obj/chdynamic.o
chPoolFreeI                                       build/obj/chmempools.o
chPoolInit                                        build/obj/chmempools.o
chPoolLoadArray                                   build/obj/chmempools.o
chRegFirstThread                                  build/obj/chregistry.o
chRegNextThread                                   build/obj/chregistry.o
chSchDoReschedule                                 build/obj/chschd.o
                                                  build/obj/chcore_v7m.o
chSchDoRescheduleAhead                            build/obj/chschd.o
chSchDoRescheduleBehind                           build/obj/chschd.o
                                                  build/obj/chthreads.o
chSchGoSleepS                                     build/obj/chschd.o
                                                  build/obj/chmsg.o
                                                  build/obj/chevents.o
                                                  build/obj/chcond.o
                                                  build/obj/chmtx.o
                                                  build/obj/chsem.o
                                                  build/obj/chthreads.o
chSchGoSleepTimeoutS                              build/obj/chschd.o
                                                  build/obj/chqueues.o
                                                  build/obj/chevents.o
                                                  build/obj/chcond.o
                                                  build/obj/chsem.o
                                                  build/obj/chthreads.o
chSchReadyI                                       build/obj/chschd.o
                                                  build/obj/chqueues.o
                                                  build/obj/chmsg.o
                                                  build/obj/chevents.o
                                                  build/obj/chcond.o
                                                  build/obj/chmtx.o
                                                  build/obj/chsem.o
                                                  build/obj/chthreads.o
chSchRescheduleS                                  build/obj/chschd.o
                                                  build/obj/serial.o
                                                  build/obj/chmboxes.o
                                                  build/obj/chevents.o
                                                  build/obj/chcond.o
                                                  build/obj/chmtx.o
                                                  build/obj/chsem.o
                                                  build/obj/chthreads.o
chSchWakeupS                                      build/obj/chschd.o
                                                  build/obj/chmsg.o
                                                  build/obj/chcond.o
                                                  build/obj/chmtx.o
                                                  build/obj/chsem.o
                                                  build/obj/chdynamic.o
                                                  build/obj/chthreads.o
chSemAddCounterI                                  build/obj/chsem.o
chSemInit                                         build/obj/chsem.o
                                                  build/obj/chmboxes.o
chSemReset                                        build/obj/chsem.o
chSemResetI                                       build/obj/chsem.o
                                                  build/obj/chmboxes.o
chSemSignal                                       build/obj/chsem.o
chSemSignalI                                      build/obj/chsem.o
                                                  build/obj/chmboxes.o
chSemSignalWait                                   build/obj/chsem.o
chSemWait                                         build/obj/chsem.o
chSemWaitS                                        build/obj/chsem.o
chSemWaitTimeout                                  build/obj/chsem.o
chSemWaitTimeoutS                                 build/obj/chsem.o
                                                  build/obj/chmboxes.o
chSysInit                                         build/obj/chsys.o
                                                  build/obj/main.o
chSysTimerHandlerI                                build/obj/chsys.o
                                                  build/obj/chcore_v7m.o
chThdAddRef                                       build/obj/chdynamic.o
chThdCreateFromHeap                               build/obj/chdynamic.o
                                                  build/obj/shell.o
chThdCreateFromMemoryPool                         build/obj/chdynamic.o
chThdCreateI                                      build/obj/chthreads.o
                                                  build/obj/chdynamic.o
chThdCreateStatic                                 build/obj/chthreads.o
                                                  build/obj/main.o
                                                  build/obj/shell.o
                                                  build/obj/chsys.o
chThdExit                                         build/obj/chthreads.o
                                                  build/obj/chcore_v7m.o
chThdExitS                                        build/obj/chthreads.o
                                                  build/obj/shell.o
chThdRelease                                      build/obj/chdynamic.o
                                                  build/obj/main.o
                                                  build/obj/chregistry.o
                                                  build/obj/chthreads.o
chThdResume                                       build/obj/chthreads.o
chThdSetPriority                                  build/obj/chthreads.o
chThdSleep                                        build/obj/chthreads.o
                                                  build/obj/main.o
chThdSleepUntil                                   build/obj/chthreads.o
chThdTerminate                                    build/obj/chthreads.o
chThdWait                                         build/obj/chthreads.o
chThdYield                                        build/obj/chthreads.o
chVTResetI                                        build/obj/chvt.o
                                                  build/obj/evtimer.o
                                                  build/obj/chschd.o
chVTSetI                                          build/obj/chvt.o
                                                  build/obj/evtimer.o
                                                  build/obj/chschd.o
ch_debug                                          build/obj/chregistry.o
                                                  build/obj/chsys.o
chsnprintf                                        build/obj/chprintf.o
chvprintf                                         build/obj/chprintf.o
                                                  build/obj/main.o
                                                  build/obj/shell.o
evtStart                                          build/obj/evtimer.o
evtStop                                           build/obj/evtimer.o
halInit                                           build/obj/hal.o
                                                  build/obj/main.o
halIsCounterWithin                                build/obj/hal.o
halPolledDelay                                    build/obj/hal.o
hal_lld_init                                      build/obj/hal_lld.o
                                                  build/obj/hal.o
lsObjectInit                                      build/obj/main.o
main                                              build/obj/main.o
                                                  build/obj/crt0.o
memcpy                                            /usr/lib/gcc/arm-none-eabi/4.8.2/../../../arm-none-eabi/lib/armv7-m/libc.a(lib_a-memcpy.o)
                                                  build/obj/memstreams.o
memset                                            /usr/lib/gcc/arm-none-eabi/4.8.2/../../../arm-none-eabi/lib/armv7-m/libc.a(lib_a-memset.o)
                                                  build/obj/syscalls.o
msObjectInit                                      build/obj/memstreams.o
                                                  build/obj/chprintf.o
myLCD                                             build/obj/main.o
nvicDisableVector                                 build/obj/nvic.o
                                                  build/obj/serial_lld.o
nvicEnableVector                                  build/obj/nvic.o
                                                  build/obj/serial_lld.o
nvicSetSystemHandlerPriority                      build/obj/nvic.o
                                                  build/obj/chcore_v7m.o
palReadBus                                        build/obj/pal.o
palSetBusMode                                     build/obj/pal.o
palWriteBus                                       build/obj/pal.o
pal_default_config                                build/obj/board.o
                                                  build/obj/hal.o
port_halt                                         build/obj/chcore.o
rlist                                             build/obj/chschd.o
                                                  build/obj/main.o
                                                  build/obj/shell.o
                                                  build/obj/chqueues.o
                                                  build/obj/chmsg.o
                                                  build/obj/chevents.o
                                                  build/obj/chcond.o
                                                  build/obj/chmtx.o
                                                  build/obj/chsem.o
                                                  build/obj/chregistry.o
                                                  build/obj/chthreads.o
                                                  build/obj/chsys.o
                                                  build/obj/chcore_v7m.o
sdIncomingDataI                                   build/obj/serial.o
                                                  build/obj/serial_lld.o
sdInit                                            build/obj/serial.o
                                                  build/obj/hal.o
sdObjectInit                                      build/obj/serial.o
                                                  build/obj/serial_lld.o
sdRequestDataI                                    build/obj/serial.o
sdStart                                           build/obj/serial.o
                                                  build/obj/main.o
sdStop                                            build/obj/serial.o
sd_lld_init                                       build/obj/serial_lld.o
                                                  build/obj/serial.o
sd_lld_start                                      build/obj/serial_lld.o
                                                  build/obj/serial.o
sd_lld_stop                                       build/obj/serial_lld.o
                                                  build/obj/serial.o
shellCreate                                       build/obj/shell.o
                                                  build/obj/main.o
shellCreateStatic                                 build/obj/shell.o
shellExit                                         build/obj/shell.o
shellGetLine                                      build/obj/shell.o
shellInit                                         build/obj/shell.o
                                                  build/obj/main.o
shell_terminated                                  build/obj/shell.o
stm32_clock_init                                  build/obj/hal_lld.o
                                                  build/obj/board.o
strcasecmp                                        /usr/lib/gcc/arm-none-eabi/4.8.2/../../../arm-none-eabi/lib/armv7-m/libc.a(lib_a-strcasecmp.o)
                                                  build/obj/shell.o
strpbrk                                           /usr/lib/gcc/arm-none-eabi/4.8.2/../../../arm-none-eabi/lib/armv7-m/libc.a(lib_a-strpbrk.o)
                                                  build/obj/shell.o
strspn                                            /usr/lib/gcc/arm-none-eabi/4.8.2/../../../arm-none-eabi/lib/armv7-m/libc.a(lib_a-strspn.o)
                                                  build/obj/shell.o
strtol                                            /usr/lib/gcc/arm-none-eabi/4.8.2/../../../arm-none-eabi/lib/armv7-m/libc.a(lib_a-strtol.o)
                                                  /usr/lib/gcc/arm-none-eabi/4.8.2/../../../arm-none-eabi/lib/armv7-m/libc.a(lib_a-atoi.o)
tmInit                                            build/obj/tm.o
                                                  build/obj/hal.o
tmObjectInit                                      build/obj/tm.o
vtlist                                            build/obj/chvt.o
                                                  build/obj/shell.o
                                                  build/obj/chthreads.o
                                                  build/obj/chsys.o
