Archive member included to satisfy reference by file (symbol)

/usr/lib/gcc/arm-none-eabi/4.8/../../../arm-none-eabi/lib/armv7-m/libc.a(lib_a-atoi.o)
                              build/obj/main.o (atoi)
/usr/lib/gcc/arm-none-eabi/4.8/../../../arm-none-eabi/lib/armv7-m/libc.a(lib_a-memcpy.o)
                              build/obj/memstreams.o (memcpy)
/usr/lib/gcc/arm-none-eabi/4.8/../../../arm-none-eabi/lib/armv7-m/libc.a(lib_a-memset.o)
                              build/obj/syscalls.o (memset)
/usr/lib/gcc/arm-none-eabi/4.8/../../../arm-none-eabi/lib/armv7-m/libc.a(lib_a-strcasecmp.o)
                              build/obj/shell.o (strcasecmp)
/usr/lib/gcc/arm-none-eabi/4.8/../../../arm-none-eabi/lib/armv7-m/libc.a(lib_a-strpbrk.o)
                              build/obj/shell.o (strpbrk)
/usr/lib/gcc/arm-none-eabi/4.8/../../../arm-none-eabi/lib/armv7-m/libc.a(lib_a-strspn.o)
                              build/obj/shell.o (strspn)
/usr/lib/gcc/arm-none-eabi/4.8/../../../arm-none-eabi/lib/armv7-m/libc.a(lib_a-strtol.o)
                              /usr/lib/gcc/arm-none-eabi/4.8/../../../arm-none-eabi/lib/armv7-m/libc.a(lib_a-atoi.o) (_strtol_r)
/usr/lib/gcc/arm-none-eabi/4.8/../../../arm-none-eabi/lib/armv7-m/libc.a(lib_a-ctype_.o)
                              /usr/lib/gcc/arm-none-eabi/4.8/../../../arm-none-eabi/lib/armv7-m/libc.a(lib_a-strcasecmp.o) (__ctype_ptr__)
/usr/lib/gcc/arm-none-eabi/4.8/../../../arm-none-eabi/lib/armv7-m/libc.a(lib_a-impure.o)
                              /usr/lib/gcc/arm-none-eabi/4.8/../../../arm-none-eabi/lib/armv7-m/libc.a(lib_a-strtol.o) (_impure_ptr)

Discarded input sections

 .text          0x00000000        0x0 build/obj/crt0.o
 .data          0x00000000        0x0 build/obj/crt0.o
 .bss           0x00000000        0x0 build/obj/crt0.o
 .text.__early_init
                0x00000000        0x4 build/obj/crt0.o
 .text          0x00000000        0x0 build/obj/vectors.o
 .data          0x00000000        0x0 build/obj/vectors.o
 .bss           0x00000000        0x0 build/obj/vectors.o
 .text          0x00000000        0x0 build/obj/chcore.o
 .data          0x00000000        0x0 build/obj/chcore.o
 .bss           0x00000000        0x0 build/obj/chcore.o
 .text.port_halt
                0x00000000        0x4 build/obj/chcore.o
 .debug_info    0x00000000       0x92 build/obj/chcore.o
 .debug_abbrev  0x00000000       0x42 build/obj/chcore.o
 .debug_aranges
                0x00000000       0x20 build/obj/chcore.o
 .debug_ranges  0x00000000       0x10 build/obj/chcore.o
 .debug_line    0x00000000       0x53 build/obj/chcore.o
 .debug_str     0x00000000      0x19a build/obj/chcore.o
 .comment       0x00000000       0x2c build/obj/chcore.o
 .ARM.attributes
                0x00000000       0x33 build/obj/chcore.o
 .debug_frame   0x00000000       0x20 build/obj/chcore.o
 .text          0x00000000        0x0 build/obj/chcore_v7m.o
 .data          0x00000000        0x0 build/obj/chcore_v7m.o
 .bss           0x00000000        0x0 build/obj/chcore_v7m.o
 .text          0x00000000        0x0 build/obj/nvic.o
 .data          0x00000000        0x0 build/obj/nvic.o
 .bss           0x00000000        0x0 build/obj/nvic.o
 .text.nvicDisableVector
                0x00000000       0x44 build/obj/nvic.o
 .text          0x00000000        0x0 build/obj/chsys.o
 .data          0x00000000        0x0 build/obj/chsys.o
 .bss           0x00000000        0x0 build/obj/chsys.o
 .text          0x00000000        0x0 build/obj/chdebug.o
 .data          0x00000000        0x0 build/obj/chdebug.o
 .bss           0x00000000        0x0 build/obj/chdebug.o
 .debug_info    0x00000000       0x79 build/obj/chdebug.o
 .debug_abbrev  0x00000000       0x26 build/obj/chdebug.o
 .debug_aranges
                0x00000000       0x18 build/obj/chdebug.o
 .debug_line    0x00000000       0x1d build/obj/chdebug.o
 .debug_str     0x00000000      0x18b build/obj/chdebug.o
 .comment       0x00000000       0x2c build/obj/chdebug.o
 .ARM.attributes
                0x00000000       0x33 build/obj/chdebug.o
 .text          0x00000000        0x0 build/obj/chlists.o
 .data          0x00000000        0x0 build/obj/chlists.o
 .bss           0x00000000        0x0 build/obj/chlists.o
 .debug_info    0x00000000       0x79 build/obj/chlists.o
 .debug_abbrev  0x00000000       0x26 build/obj/chlists.o
 .debug_aranges
                0x00000000       0x18 build/obj/chlists.o
 .debug_line    0x00000000       0x1d build/obj/chlists.o
 .debug_str     0x00000000      0x18b build/obj/chlists.o
 .comment       0x00000000       0x2c build/obj/chlists.o
 .ARM.attributes
                0x00000000       0x33 build/obj/chlists.o
 .text          0x00000000        0x0 build/obj/chvt.o
 .data          0x00000000        0x0 build/obj/chvt.o
 .bss           0x00000000        0x0 build/obj/chvt.o
 .text          0x00000000        0x0 build/obj/chschd.o
 .data          0x00000000        0x0 build/obj/chschd.o
[...]
Memory Configuration

Name             Origin             Length             Attributes
flash            0x08000000         0x00004000
ram              0x20000000         0x00001000
*default*        0x00000000         0xffffffff

Linker script and memory map

LOAD build/obj/crt0.o
LOAD build/obj/vectors.o
LOAD build/obj/chcore.o
LOAD build/obj/chcore_v7m.o
LOAD build/obj/nvic.o
LOAD build/obj/chsys.o
LOAD build/obj/chdebug.o
LOAD build/obj/chlists.o
LOAD build/obj/chvt.o
LOAD build/obj/chschd.o
LOAD build/obj/chthreads.o
LOAD build/obj/chdynamic.o
LOAD build/obj/chregistry.o
LOAD build/obj/chsem.o
LOAD build/obj/chmtx.o
LOAD build/obj/chcond.o
LOAD build/obj/chevents.o
LOAD build/obj/chmsg.o
LOAD build/obj/chmboxes.o
LOAD build/obj/chqueues.o
LOAD build/obj/chmemcore.o
LOAD build/obj/chheap.o
LOAD build/obj/chmempools.o
LOAD build/obj/hal.o
LOAD build/obj/adc.o
LOAD build/obj/can.o
LOAD build/obj/ext.o
LOAD build/obj/gpt.o
LOAD build/obj/i2c.o
LOAD build/obj/icu.o
LOAD build/obj/mac.o
LOAD build/obj/mmc_spi.o
LOAD build/obj/mmcsd.o
LOAD build/obj/pal.o
LOAD build/obj/pwm.o
LOAD build/obj/rtc.o
LOAD build/obj/sdc.o
LOAD build/obj/serial.o
LOAD build/obj/serial_usb.o
LOAD build/obj/spi.o
LOAD build/obj/tm.o
LOAD build/obj/uart.o
LOAD build/obj/usb.o
LOAD build/obj/stm32_dma.o
LOAD build/obj/hal_lld.o
LOAD build/obj/adc_lld.o
LOAD build/obj/ext_lld_isr.o
LOAD build/obj/can_lld.o
LOAD build/obj/ext_lld.o
LOAD build/obj/mac_lld.o
LOAD build/obj/sdc_lld.o
LOAD build/obj/pal_lld.o
LOAD build/obj/i2c_lld.o
LOAD build/obj/rtc_lld.o
LOAD build/obj/spi_lld.o
LOAD build/obj/gpt_lld.o
LOAD build/obj/icu_lld.o
LOAD build/obj/pwm_lld.o
LOAD build/obj/serial_lld.o
LOAD build/obj/uart_lld.o
LOAD build/obj/usb_lld.o
LOAD build/obj/board.o
LOAD build/obj/evtimer.o
LOAD build/obj/syscalls.o
LOAD build/obj/chprintf.o
LOAD build/obj/memstreams.o
LOAD build/obj/shell.o
LOAD build/obj/main.o
START GROUP
LOAD /usr/lib/gcc/arm-none-eabi/4.8/armv7-m/libgcc.a
LOAD /usr/lib/gcc/arm-none-eabi/4.8/../../../arm-none-eabi/lib/armv7-m/libc.a
END GROUP
                0x00000200                __main_stack_size__ = 0x200
                0x00000200                __process_stack_size__ = 0x200
                0x20000000                __ram_start__ = ORIGIN (ram)
                0x00001000                __ram_size__ = 0x1000
                0x20001000                __ram_end__ = (__ram_start__ + __ram_size__)
                0x00000000                . = 0x0
                0x00000000                _text = .

startup         0x08000000       0xec
 *(vectors)
 vectors        0x08000000       0xec build/obj/vectors.o
                0x08000000                _vectors

constructors    0x080000ec        0x0
                0x080000ec                PROVIDE (__init_array_start, .)
 *(SORT(.init_array.*))
 *(.init_array)
                0x080000ec                PROVIDE (__init_array_end, .)

destructors     0x080000ec        0x0
                0x080000ec                PROVIDE (__fini_array_start, .)
 *(.fini_array)
 *(SORT(.fini_array.*))
                0x080000ec                PROVIDE (__fini_array_end, .)

.text           0x080000f0     0x25d4
 *(.text.startup.*)
 .text.startup.main
                0x080000f0      0x1b8 build/obj/main.o
                0x080000f0                main
 *(.text)
 *(.text.*)
 *fill*         0x080002a8        0x8 
 .text.__late_init
                0x080002b0        0x4 build/obj/crt0.o
                0x080002b0                __late_init
 *fill*         0x080002b4        0xc 
 .text._default_exit
                0x080002c0        0x4 build/obj/crt0.o
                0x080002c0                _default_exit
 *fill*         0x080002c4        0xc 
 .text.ResetHandler
                0x080002d0       0xfc build/obj/crt0.o
                0x080002d0                ResetHandler
 *fill*         0x080003cc        0x4 
 .text._unhandled_exception
                0x080003d0        0x4 build/obj/vectors.o
                0x080003d0                Vector58
                0x080003d0                VectorE8
                0x080003d0                Vector9C
                0x080003d0                VectorAC
                0x080003d0                Vector5C
                0x080003d0                NMIVector
                0x080003d0                Vector8C
                0x080003d0                VectorDC
                0x080003d0                VectorC8
                0x080003d0                Vector94
                0x080003d0                VectorA8
                0x080003d0                VectorB4
                0x080003d0                Vector74
                0x080003d0                UsageFaultVector
                0x080003d0                DebugMonitorVector
                0x080003d0                Vector40
                0x080003d0                VectorBC
                0x080003d0                PendSVVector
                0x080003d0                Vector64
                0x080003d0                VectorCC
                0x080003d0                Vector54
                0x080003d0                Vector98
                0x080003d0                VectorD8
                0x080003d0                Vector24
                0x080003d0                Vector84
                0x080003d0                BusFaultVector
                0x080003d0                VectorD0
                0x080003d0                VectorE4
                0x080003d0                VectorC0
                0x080003d0                HardFaultVector
                0x080003d0                VectorE0
                0x080003d0                MemManageVector
                0x080003d0                Vector6C
                0x080003d0                VectorA0
                0x080003d0                VectorC4
                0x080003d0                Vector7C
                0x080003d0                VectorB0
                0x080003d0                Vector90
                0x080003d0                Vector60
                0x080003d0                Vector1C
                0x080003d0                Vector48
                0x080003d0                Vector70
                0x080003d0                Vector4C
                0x080003d0                Vector80
                0x080003d0                Vector68
                0x080003d0                Vector78
                0x080003d0                _unhandled_exception
                0x080003d0                Vector88
                0x080003d0                Vector50
                0x080003d0                Vector44
                0x080003d0                Vector28
                0x080003d0                VectorB8
                0x080003d0                Vector34
                0x080003d0                VectorA4
                0x080003d0                Vector20
 *fill*         0x080003d4        0xc 
 .text._port_switch_from_isr
                0x080003e0        0x8 build/obj/chcore_v7m.o
                0x080003e0                _port_switch_from_isr
 *fill*         0x080003e8        0x8 
 .text.SVCallVector
                0x080003f0       0x14 build/obj/chcore_v7m.o
                0x080003f0                SVCallVector
 *fill*         0x08000404        0xc 
 .text._port_init
                0x08000410       0x30 build/obj/chcore_v7m.o
                0x08000410                _port_init
 .text._port_irq_epilogue
                0x08000440       0x70 build/obj/chcore_v7m.o
                0x08000440                _port_irq_epilogue
 .text.SysTickVector
                0x080004b0       0x1c build/obj/chcore_v7m.o
                0x080004b0                SysTickVector
 *fill*         0x080004cc        0x4 
 .text._port_switch
                0x080004d0       0x10 build/obj/chcore_v7m.o
                0x080004d0                _port_switch
 .text._port_thread_start
                0x080004e0       0x10 build/obj/chcore_v7m.o
                0x080004e0                _port_thread_start
 .text.nvicEnableVector
                0x080004f0       0x48 build/obj/nvic.o
                0x080004f0                nvicEnableVector
 *fill*         0x08000538        0x8 
 .text.nvicSetSystemHandlerPriority
                0x08000540       0x24 build/obj/nvic.o
                0x08000540                nvicSetSystemHandlerPriority
 *fill*         0x08000564        0xc 
 .text._idle_thread
                0x08000570       0x14 build/obj/chsys.o
                0x08000570                _idle_thread
 *fill*         0x08000584        0xc 
 .text.chSysInit
                0x08000590       0x5c build/obj/chsys.o
                0x08000590                chSysInit
 *fill*         0x080005ec        0x4 
 .text.chSysTimerHandlerI
                0x080005f0       0x58 build/obj/chsys.o
                0x080005f0                chSysTimerHandlerI
 *fill*         0x08000648        0x8 
 .text._vt_init
                0x08000650       0x18 build/obj/chvt.o
                0x08000650                _vt_init
 *fill*         0x08000668        0x8 
 .text.chVTSetI
                0x08000670       0x38 build/obj/chvt.o
                0x08000670                chVTSetI
 *fill*         0x080006a8        0x8 
 .text.chVTResetI
                0x080006b0       0x24 build/obj/chvt.o
                0x080006b0                chVTResetI
 *fill*         0x080006d4        0xc 
 .text.wakeup   0x080006e0       0x70 build/obj/chschd.o
 .text._scheduler_init
                0x08000750       0x14 build/obj/chschd.o
                0x08000750                _scheduler_init
 *fill*         0x08000764        0xc 
 .text.chSchReadyI
                0x08000770       0x2c build/obj/chschd.o
                0x08000770                chSchReadyI
 *fill*         0x0800079c        0x4 
 .text.chSchGoSleepS
                0x080007a0       0x28 build/obj/chschd.o
                0x080007a0                chSchGoSleepS
 *fill*         0x080007c8        0x8 
 .text.chSchGoSleepTimeoutS
                0x080007d0       0x44 build/obj/chschd.o
                0x080007d0                chSchGoSleepTimeoutS
 *fill*         0x08000814        0xc 
 .text.chSchWakeupS
                0x08000820       0x60 build/obj/chschd.o
                0x08000820                chSchWakeupS
 .text.chSchDoRescheduleBehind
                0x08000880       0x40 build/obj/chschd.o
                0x08000880                chSchDoRescheduleBehind
 .text.chSchDoRescheduleAhead
                0x080008c0       0x3c build/obj/chschd.o
                0x080008c0                chSchDoRescheduleAhead
 *fill*         0x080008fc        0x4 
 .text.chSchDoReschedule
                0x08000900       0x14 build/obj/chschd.o
                0x08000900                chSchDoReschedule
 *fill*         0x08000914        0xc 
 .text._thread_init
                0x08000920       0x50 build/obj/chthreads.o
                0x08000920                _thread_init
 .text.chThdCreateI
                0x08000970       0x74 build/obj/chthreads.o
                0x08000970                chThdCreateI
 *fill*         0x080009e4        0xc 
 .text.chThdCreateStatic
                0x080009f0       0x88 build/obj/chthreads.o
                0x080009f0                chThdCreateStatic
 *fill*         0x08000a78        0x8 
 .text.chThdSleep
                0x08000a80       0x18 build/obj/chthreads.o
                0x08000a80                chThdSleep
 *fill*         0x08000a98        0x8 
 .text.chThdExitS
                0x08000aa0       0x40 build/obj/chthreads.o
                0x08000aa0                chThdExitS
 .text.chThdExit
                0x08000ae0        0xc build/obj/chthreads.o
                0x08000ae0                chThdExit
 *fill*         0x08000aec        0x4 
 .text.chThdRelease
                0x08000af0       0x50 build/obj/chdynamic.o
                0x08000af0                chThdRelease
 .text.chThdCreateFromHeap
                0x08000b40       0x3c build/obj/chdynamic.o
                0x08000b40                chThdCreateFromHeap
 *fill*         0x08000b7c        0x4 
 .text.chMtxInit
                0x08000b80        0xc build/obj/chmtx.o
                0x08000b80                chMtxInit
 *fill*         0x08000b8c        0x4 
 .text.chMtxLockS
                0x08000b90       0xc8 build/obj/chmtx.o
                0x08000b90                chMtxLockS
 *fill*         0x08000c58        0x8 
 .text.chMtxLock
                0x08000c60       0x14 build/obj/chmtx.o
                0x08000c60                chMtxLock
 *fill*         0x08000c74        0xc 
 .text.chMtxUnlock
                0x08000c80       0x64 build/obj/chmtx.o
                0x08000c80                chMtxUnlock
 *fill*         0x08000ce4        0xc 
 .text.chEvtSignalI
                0x08000cf0       0x30 build/obj/chevents.o
                0x08000cf0                chEvtSignalI
 .text.chEvtBroadcastFlagsI
                0x08000d20       0x24 build/obj/chevents.o
                0x08000d20                chEvtBroadcastFlagsI
 *fill*         0x08000d44        0xc 
 .text.qwait    0x08000d50       0x30 build/obj/chqueues.o
 .text.chIQInit
                0x08000d80       0x20 build/obj/chqueues.o
                0x08000d80                chIQInit
 .text.chIQPutI
                0x08000da0       0x50 build/obj/chqueues.o
                0x08000da0                chIQPutI
 .text.chIQGetTimeout
                0x08000df0       0x50 build/obj/chqueues.o
                0x08000df0                chIQGetTimeout
 .text.chIQReadTimeout
                0x08000e40       0x78 build/obj/chqueues.o
                0x08000e40                chIQReadTimeout
 *fill*         0x08000eb8        0x8 
 .text.chOQInit
                0x08000ec0       0x1c build/obj/chqueues.o
                0x08000ec0                chOQInit
 *fill*         0x08000edc        0x4 
 .text.chOQPutTimeout
                0x08000ee0       0x54 build/obj/chqueues.o
                0x08000ee0                chOQPutTimeout
 *fill*         0x08000f34        0xc 
 .text.chOQGetI
                0x08000f40       0x48 build/obj/chqueues.o
                0x08000f40                chOQGetI
 *fill*         0x08000f88        0x8 
 .text.chOQWriteTimeout
                0x08000f90       0x78 build/obj/chqueues.o
                0x08000f90                chOQWriteTimeout
 *fill*         0x08001008        0x8 
 .text._core_init
                0x08001010       0x28 build/obj/chmemcore.o
                0x08001010                _core_init
 *fill*         0x08001038        0x8 
 .text.chCoreAlloc
                0x08001040       0x34 build/obj/chmemcore.o
                0x08001040                chCoreAlloc
 *fill*         0x08001074        0xc 
 .text._heap_init
                0x08001080       0x1c build/obj/chheap.o
                0x08001080                _heap_init
 *fill*         0x0800109c        0x4 
 .text.chHeapAlloc
                0x080010a0       0x80 build/obj/chheap.o
                0x080010a0                chHeapAlloc
 .text.chHeapFree
                0x08001120       0x94 build/obj/chheap.o
                0x08001120                chHeapFree
 *fill*         0x080011b4        0xc 
 .text.chPoolFree
                0x080011c0       0x14 build/obj/chmempools.o
                0x080011c0                chPoolFree
 *fill*         0x080011d4        0xc 
 .text.halInit  0x080011e0       0x20 build/obj/hal.o
                0x080011e0                halInit
 .text.readt    0x08001200        0x8 build/obj/serial.o
 *fill*         0x08001208        0x8 
 .text.read     0x08001210        0xc build/obj/serial.o
 *fill*         0x0800121c        0x4 
 .text.writet   0x08001220        0x8 build/obj/serial.o
 *fill*         0x08001228        0x8 
 .text.write    0x08001230        0xc build/obj/serial.o
 *fill*         0x0800123c        0x4 
 .text.gett     0x08001240        0x8 build/obj/serial.o
 *fill*         0x08001248        0x8 
 .text.get      0x08001250        0xc build/obj/serial.o
 *fill*         0x0800125c        0x4 
 .text.putt     0x08001260        0x8 build/obj/serial.o
 *fill*         0x08001268        0x8 
 .text.put      0x08001270        0xc build/obj/serial.o
 *fill*         0x0800127c        0x4 
 .text.sdInit   0x08001280        0x4 build/obj/serial.o
                0x08001280                sdInit
 *fill*         0x08001284        0xc 
 .text.sdObjectInit
                0x08001290       0x40 build/obj/serial.o
                0x08001290                sdObjectInit
 .text.sdStart  0x080012d0       0x1c build/obj/serial.o
                0x080012d0                sdStart
 *fill*         0x080012ec        0x4 
 .text.sdIncomingDataI
                0x080012f0       0x3c build/obj/serial.o
                0x080012f0                sdIncomingDataI
 *fill*         0x0800132c        0x4 
 .text.tm_start
                0x08001330        0xc build/obj/tm.o
 *fill*         0x0800133c        0x4 
 .text.tm_stop  0x08001340       0x2c build/obj/tm.o
 *fill*         0x0800136c        0x4 
 .text.tmInit   0x08001370       0x40 build/obj/tm.o
                0x08001370                tmInit
 .text.hal_lld_init
                0x080013b0       0x6c build/obj/hal_lld.o
                0x080013b0                hal_lld_init
 *fill*         0x0800141c        0x4 
 .text.stm32_clock_init
                0x08001420       0x84 build/obj/hal_lld.o
                0x08001420                stm32_clock_init
 *fill*         0x080014a4        0xc 
 .text._pal_lld_init
                0x080014b0       0x6c build/obj/pal_lld.o
                0x080014b0                _pal_lld_init
 *fill*         0x0800151c        0x4 
 .text._pal_lld_setgroupmode
                0x08001520       0x68 build/obj/pal_lld.o
                0x08001520                _pal_lld_setgroupmode
 *fill*         0x08001588        0x8 
 .text.notify1  0x08001590       0x14 build/obj/serial_lld.o
 *fill*         0x080015a4        0xc 
 .text.VectorD4
                0x080015b0       0xf8 build/obj/serial_lld.o
                0x080015b0                VectorD4
 *fill*         0x080016a8        0x8 
 .text.sd_lld_init
                0x080016b0       0x24 build/obj/serial_lld.o
                0x080016b0                sd_lld_init
 *fill*         0x080016d4        0xc 
 .text.sd_lld_start
                0x080016e0       0x78 build/obj/serial_lld.o
                0x080016e0                sd_lld_start
 *fill*         0x08001758        0x8 
 .text.__early_init
                0x08001760        0x4 build/obj/board.o
                0x08001760                __early_init
 *fill*         0x08001764        0xc 
 .text.boardInit
                0x08001770       0x10 build/obj/board.o
                0x08001770                boardInit
 .text.long_to_string_with_divisor.constprop.0
                0x08001780       0x4c build/obj/chprintf.o
 *fill*         0x080017cc        0x4 
 .text.chvprintf
                0x080017d0      0x240 build/obj/chprintf.o
                0x080017d0                chvprintf
 .text.chprintf
                0x08001a10       0x20 build/obj/shell.o
 .text.cmd_systime
                0x08001a30       0x28 build/obj/shell.o
 *fill*         0x08001a58        0x8 
 .text.cmd_info
                0x08001a60       0xc0 build/obj/shell.o
 .text._strtok.constprop.2
                0x08001b20       0x40 build/obj/shell.o
 .text.shellInit
                0x08001b60        0xc build/obj/shell.o
                0x08001b60                shellInit
 *fill*         0x08001b6c        0x4 
 .text.shellExit
                0x08001b70       0x20 build/obj/shell.o
                0x08001b70                shellExit
 .text.shellCreate
                0x08001b90       0x18 build/obj/shell.o
                0x08001b90                shellCreate
 *fill*         0x08001ba8        0x8 
 .text.shellGetLine
                0x08001bb0       0x9c build/obj/shell.o
                0x08001bb0                shellGetLine
 *fill*         0x08001c4c        0x4 
 .text.shell_thread
                0x08001c50      0x198 build/obj/shell.o
 *fill*         0x08001de8        0x8 
 .text.Lcd_Write_Command
                0x08001df0       0x44 build/obj/main.o
 *fill*         0x08001e34        0xc 
 .text.Thread1  0x08001e40       0x34 build/obj/main.o
 *fill*         0x08001e74        0xc 
 .text.Thread2  0x08001e80       0x4c build/obj/main.o
 *fill*         0x08001ecc        0x4 
 .text.chprintf
                0x08001ed0       0x20 build/obj/main.o
 .text.cmd_test
                0x08001ef0       0x18 build/obj/main.o
 *fill*         0x08001f08        0x8 
 .text.cmd_lcd  0x08001f10       0x5c build/obj/main.o
 *fill*         0x08001f6c        0x4 
 .text.Lcd_Write_Data
                0x08001f70       0x58 build/obj/main.o
                0x08001f70                Lcd_Write_Data
 *fill*         0x08001fc8        0x8 
 .text.put      0x08001fd0        0xc build/obj/main.o
 *fill*         0x08001fdc        0x4 
 .text.atoi     0x08001fe0        0x8 /usr/lib/gcc/arm-none-eabi/4.8/../../../arm-none-eabi/lib/armv7-m/libc.a(lib_a-atoi.o)
                0x08001fe0                atoi
 *fill*         0x08001fe8        0x8 
 .text.strcasecmp
                0x08001ff0       0x44 /usr/lib/gcc/arm-none-eabi/4.8/../../../arm-none-eabi/lib/armv7-m/libc.a(lib_a-strcasecmp.o)
                0x08001ff0                strcasecmp
 *fill*         0x08002034        0xc 
 .text.strpbrk  0x08002040       0x50 /usr/lib/gcc/arm-none-eabi/4.8/../../../arm-none-eabi/lib/armv7-m/libc.a(lib_a-strpbrk.o)
                0x08002040                strpbrk
 .text.strspn   0x08002090       0x40 /usr/lib/gcc/arm-none-eabi/4.8/../../../arm-none-eabi/lib/armv7-m/libc.a(lib_a-strspn.o)
                0x08002090                strspn
 .text._strtol_r
                0x080020d0      0x114 /usr/lib/gcc/arm-none-eabi/4.8/../../../arm-none-eabi/lib/armv7-m/libc.a(lib_a-strtol.o)
                0x080020d0                _strtol_r
 *fill*         0x080021e4        0xc 
 .text.strtol   0x080021f0       0x18 /usr/lib/gcc/arm-none-eabi/4.8/../../../arm-none-eabi/lib/armv7-m/libc.a(lib_a-strtol.o)
                0x080021f0                strtol
 *(.rodata)
 *(.rodata.*)
 *fill*         0x08002208        0x8 
 .rodata.str1.4
                0x08002210        0x5 build/obj/chsys.o
                                  0x8 (size before relaxing)
 *fill*         0x08002215        0xb 
 .rodata.ch_debug
                0x08002220       0x18 build/obj/chregistry.o
                0x08002220                ch_debug
 *fill*         0x08002238        0x8 
 .rodata.vmt    0x08002240       0x20 build/obj/serial.o
 .rodata.cfgtab.6062
                0x08002260       0x14 build/obj/pal_lld.o
 *fill*         0x08002274        0xc 
 .rodata.default_config
                0x08002280        0xc build/obj/serial_lld.o
 *fill*         0x0800228c        0x4 
 .rodata.pal_default_config
                0x08002290       0x3c build/obj/board.o
                0x08002290                pal_default_config
 *fill*         0x080022cc        0x4 
 .rodata.str1.4
                0x080022d0        0x7 build/obj/chprintf.o
                                  0x8 (size before relaxing)
 *fill*         0x080022d7        0x9 
 .rodata.str1.4
                0x080022e0      0x1fd build/obj/shell.o
                                0x204 (size before relaxing)
 *fill*         0x080024dd        0x3 
 .rodata.commands
                0x080024e0       0x18 build/obj/main.o
 *fill*         0x080024f8        0x8 
 .rodata.str1.4
                0x08002500       0x84 build/obj/main.o
 *fill*         0x08002584        0xc 
 .rodata.shell_cfg1
                0x08002590        0x8 build/obj/main.o
 *fill*         0x08002598        0x8 
 .rodata.vmt    0x080025a0       0x10 build/obj/main.o
 .rodata._ctype_
                0x080025b0      0x104 /usr/lib/gcc/arm-none-eabi/4.8/../../../arm-none-eabi/lib/armv7-m/libc.a(lib_a-ctype_.o)
                0x080025b0                _ctype_
 *fill*         0x080026b4        0xc 
 .rodata.str1.4
                0x080026c0        0x4 /usr/lib/gcc/arm-none-eabi/4.8/../../../arm-none-eabi/lib/armv7-m/libc.a(lib_a-impure.o)
 *(.glue_7t)
 .glue_7t       0x080026c4        0x0 linker stubs
 *(.glue_7)
 .glue_7        0x080026c4        0x0 linker stubs
 *(.gcc*)

.vfp11_veneer   0x080026c4        0x0
 .vfp11_veneer  0x080026c4        0x0 linker stubs

.v4_bx          0x080026c4        0x0
 .v4_bx         0x080026c4        0x0 linker stubs

.iplt           0x080026c4        0x0
 .iplt          0x080026c4        0x0 build/obj/crt0.o

.rel.dyn        0x080026c4        0x0
 .rel.iplt      0x080026c4        0x0 build/obj/crt0.o

MyFlash
 *(MyFlash)

.ARM.extab
 *(.ARM.extab* .gnu.linkonce.armextab.*)

.ARM.exidx      0x080026c4        0x0
                0x080026c4                PROVIDE (__exidx_start, .)
 *(.ARM.exidx* .gnu.linkonce.armexidx.*)
                0x080026c4                PROVIDE (__exidx_end, .)

.eh_frame_hdr
 *(.eh_frame_hdr)

.eh_frame
 *(.eh_frame)

.textalign      0x080026c4        0x4
                0x080026c8                . = ALIGN (0x8)
 *fill*         0x080026c4        0x4 
                0x080026c8                . = ALIGN (0x4)
                0x080026c8                _etext = .
                0x080026c8                _textdata = _etext

.stacks         0x20000000      0x400
                0x20000000                . = ALIGN (0x8)
                0x20000000                __main_stack_base__ = .
                0x20000200                . = (. + __main_stack_size__)
 *fill*         0x20000000      0x200 
                0x20000200                . = ALIGN (0x8)
                0x20000200                __main_stack_end__ = .
                0x20000200                __process_stack_base__ = .
                0x20000200                __main_thread_stack_base__ = .
                0x20000400                . = (. + __process_stack_size__)
 *fill*         0x20000200      0x200 
                0x20000400                . = ALIGN (0x8)
                0x20000400                __process_stack_end__ = .
                0x20000400                __main_thread_stack_end__ = .

.data           0x20000400      0x44c load address 0x080026c8
                0x20000400                . = ALIGN (0x4)
                0x20000400                PROVIDE (_data, .)
 *(.data)
                0x20000400                . = ALIGN (0x4)
 *(.data.*)
 .data.local_commands
                0x20000400       0x18 build/obj/shell.o
 .data.__ctype_ptr__
                0x20000418        0x4 /usr/lib/gcc/arm-none-eabi/4.8/../../../arm-none-eabi/lib/armv7-m/libc.a(lib_a-ctype_.o)
                0x20000418                __ctype_ptr__
 *fill*         0x2000041c        0x4 
 .data.impure_data
                0x20000420      0x428 /usr/lib/gcc/arm-none-eabi/4.8/../../../arm-none-eabi/lib/armv7-m/libc.a(lib_a-impure.o)
 .data._impure_ptr
                0x20000848        0x4 /usr/lib/gcc/arm-none-eabi/4.8/../../../arm-none-eabi/lib/armv7-m/libc.a(lib_a-impure.o)
                0x20000848                _impure_ptr
                0x2000084c                . = ALIGN (0x4)
 *(.ramtext)
                0x2000084c                . = ALIGN (0x4)
                0x2000084c                PROVIDE (_edata, .)

.igot.plt       0x2000084c        0x0 load address 0x08002b14
 .igot.plt      0x2000084c        0x0 build/obj/crt0.o

.bss            0x20000850      0x424 load address 0x08002b14
                0x20000850                . = ALIGN (0x4)
                0x20000850                PROVIDE (_bss_start, .)
 *(.bss)
                0x20000850                . = ALIGN (0x4)
 *(.bss.*)
 .bss.mainthread.4797
                0x20000850       0x48 build/obj/chsys.o
 .bss._idle_thread_wa
                0x20000898       0xc0 build/obj/chsys.o
                0x20000898                _idle_thread_wa
 .bss.vtlist    0x20000958       0x10 build/obj/chvt.o
                0x20000958                vtlist
 .bss.rlist     0x20000968       0x1c build/obj/chschd.o
                0x20000968                rlist
 .bss.endmem    0x20000984        0x4 build/obj/chmemcore.o
 .bss.nextmem   0x20000988        0x4 build/obj/chmemcore.o
 *fill*         0x2000098c        0x4 
 .bss.default_heap
                0x20000990       0x20 build/obj/chheap.o
 .bss.measurement_offset
                0x200009b0        0x4 build/obj/tm.o
 .bss.SD1       0x200009b4       0xd8 build/obj/serial_lld.o
                0x200009b4                SD1
 .bss.shell_terminated
                0x20000a8c        0x4 build/obj/shell.o
                0x20000a8c                shell_terminated
 .bss.waThread1
                0x20000a90       0xf0 build/obj/main.o
 .bss.waThread2
                0x20000b80       0xf0 build/obj/main.o
 .bss.myLCD     0x20000c70        0x4 build/obj/main.o
                0x20000c70                myLCD
                0x20000c74                . = ALIGN (0x4)
 *(COMMON)
                0x20000c74                . = ALIGN (0x4)
                0x20000c74                PROVIDE (_bss_end, .)
                0x20000c74                PROVIDE (end, .)
                0x20000c74                _end = .
                0x20000c74                __heap_base__ = _end
                0x20001000                __heap_end__ = __ram_end__
OUTPUT(build/stm32_tf.elf elf32-littlearm)

.debug_info     0x00000000     0xeb17
 .debug_info    0x00000000      0x2b7 build/obj/crt0.o
 .debug_info    0x000002b7      0x1cc build/obj/vectors.o
 .debug_info    0x00000483      0x7f4 build/obj/chcore_v7m.o
 .debug_info    0x00000c77      0x406 build/obj/nvic.o
 .debug_info    0x0000107d      0x827 build/obj/chsys.o
 .debug_info    0x000018a4      0x203 build/obj/chvt.o
 .debug_info    0x00001aa7      0x974 build/obj/chschd.o
 .debug_info    0x0000241b      0xbea build/obj/chthreads.o
 .debug_info    0x00003005      0x88c build/obj/chdynamic.o
 .debug_info    0x00003891      0x625 build/obj/chregistry.o
 .debug_info    0x00003eb6      0x9d0 build/obj/chmtx.o
 .debug_info    0x00004886      0xd89 build/obj/chevents.o
 .debug_info    0x0000560f      0xbc3 build/obj/chqueues.o
 .debug_info    0x000061d2      0x221 build/obj/chmemcore.o
 .debug_info    0x000063f3      0x6fa build/obj/chheap.o
 .debug_info    0x00006aed      0x408 build/obj/chmempools.o
 .debug_info    0x00006ef5      0x33c build/obj/hal.o
 .debug_info    0x00007231      0xfc0 build/obj/serial.o
 .debug_info    0x000081f1      0x2d8 build/obj/tm.o
 .debug_info    0x000084c9      0x381 build/obj/hal_lld.o
 .debug_info    0x0000884a      0x37b build/obj/pal_lld.o
 .debug_info    0x00008bc5      0xdfa build/obj/serial_lld.o
 .debug_info    0x000099bf      0x204 build/obj/board.o
 .debug_info    0x00009bc3      0x61d build/obj/chprintf.o
 .debug_info    0x0000a1e0     0x1415 build/obj/shell.o
 .debug_info    0x0000b5f5     0x1638 build/obj/main.o
 .debug_info    0x0000cc2d      0x941 /usr/lib/gcc/arm-none-eabi/4.8/../../../arm-none-eabi/lib/armv7-m/libc.a(lib_a-atoi.o)
 .debug_info    0x0000d56e      0x15d /usr/lib/gcc/arm-none-eabi/4.8/../../../arm-none-eabi/lib/armv7-m/libc.a(lib_a-strcasecmp.o)
 .debug_info    0x0000d6cb       0xc8 /usr/lib/gcc/arm-none-eabi/4.8/../../../arm-none-eabi/lib/armv7-m/libc.a(lib_a-strpbrk.o)
 .debug_info    0x0000d793       0xda /usr/lib/gcc/arm-none-eabi/4.8/../../../arm-none-eabi/lib/armv7-m/libc.a(lib_a-strspn.o)
 .debug_info    0x0000d86d      0x9a7 /usr/lib/gcc/arm-none-eabi/4.8/../../../arm-none-eabi/lib/armv7-m/libc.a(lib_a-strtol.o)
 .debug_info    0x0000e214       0x6f /usr/lib/gcc/arm-none-eabi/4.8/../../../arm-none-eabi/lib/armv7-m/libc.a(lib_a-ctype_.o)
 .debug_info    0x0000e283      0x894 /usr/lib/gcc/arm-none-eabi/4.8/../../../arm-none-eabi/lib/armv7-m/libc.a(lib_a-impure.o)

.debug_abbrev   0x00000000     0x3e29
 .debug_abbrev  0x00000000       0xfd build/obj/crt0.o
 .debug_abbrev  0x000000fd       0xaf build/obj/vectors.o
 .debug_abbrev  0x000001ac      0x1e2 build/obj/chcore_v7m.o
 .debug_abbrev  0x0000038e      0x10e build/obj/nvic.o
 .debug_abbrev  0x0000049c      0x20e build/obj/chsys.o
 .debug_abbrev  0x000006aa      0x117 build/obj/chvt.o
 .debug_abbrev  0x000007c1      0x313 build/obj/chschd.o
 .debug_abbrev  0x00000ad4      0x335 build/obj/chthreads.o
 .debug_abbrev  0x00000e09      0x232 build/obj/chdynamic.o
 .debug_abbrev  0x0000103b      0x185 build/obj/chregistry.o
 .debug_abbrev  0x000011c0      0x2fa build/obj/chmtx.o
 .debug_abbrev  0x000014ba      0x2ef build/obj/chevents.o
 .debug_abbrev  0x000017a9      0x31d build/obj/chqueues.o
 .debug_abbrev  0x00001ac6      0x164 build/obj/chmemcore.o
 .debug_abbrev  0x00001c2a      0x1e7 build/obj/chheap.o
 .debug_abbrev  0x00001e11      0x1f7 build/obj/chmempools.o
 .debug_abbrev  0x00002008      0x1c8 build/obj/hal.o
 .debug_abbrev  0x000021d0      0x2b9 build/obj/serial.o
 .debug_abbrev  0x00002489      0x19a build/obj/tm.o
 .debug_abbrev  0x00002623       0xfa build/obj/hal_lld.o
 .debug_abbrev  0x0000271d      0x12a build/obj/pal_lld.o
 .debug_abbrev  0x00002847      0x305 build/obj/serial_lld.o
 .debug_abbrev  0x00002b4c      0x11e build/obj/board.o
 .debug_abbrev  0x00002c6a      0x271 build/obj/chprintf.o
 .debug_abbrev  0x00002edb      0x3e1 build/obj/shell.o
 .debug_abbrev  0x000032bc      0x410 build/obj/main.o
 .debug_abbrev  0x000036cc      0x1d1 /usr/lib/gcc/arm-none-eabi/4.8/../../../arm-none-eabi/lib/armv7-m/libc.a(lib_a-atoi.o)
 .debug_abbrev  0x0000389d       0xa8 /usr/lib/gcc/arm-none-eabi/4.8/../../../arm-none-eabi/lib/armv7-m/libc.a(lib_a-strcasecmp.o)
 .debug_abbrev  0x00003945       0x81 /usr/lib/gcc/arm-none-eabi/4.8/../../../arm-none-eabi/lib/armv7-m/libc.a(lib_a-strpbrk.o)
 .debug_abbrev  0x000039c6       0x8e /usr/lib/gcc/arm-none-eabi/4.8/../../../arm-none-eabi/lib/armv7-m/libc.a(lib_a-strspn.o)
 .debug_abbrev  0x00003a54      0x207 /usr/lib/gcc/arm-none-eabi/4.8/../../../arm-none-eabi/lib/armv7-m/libc.a(lib_a-strtol.o)
 .debug_abbrev  0x00003c5b       0x4e /usr/lib/gcc/arm-none-eabi/4.8/../../../arm-none-eabi/lib/armv7-m/libc.a(lib_a-ctype_.o)
 .debug_abbrev  0x00003ca9      0x180 /usr/lib/gcc/arm-none-eabi/4.8/../../../arm-none-eabi/lib/armv7-m/libc.a(lib_a-impure.o)

.debug_loc      0x00000000     0x4540
 .debug_loc     0x00000000       0xde build/obj/crt0.o
 .debug_loc     0x000000de       0x5a build/obj/chcore_v7m.o
 .debug_loc     0x00000138      0x169 build/obj/nvic.o
 .debug_loc     0x000002a1       0x31 build/obj/chsys.o
 .debug_loc     0x000002d2       0x67 build/obj/chvt.o
 .debug_loc     0x00000339      0x2c6 build/obj/chschd.o
 .debug_loc     0x000005ff      0x40d build/obj/chthreads.o
 .debug_loc     0x00000a0c      0x1b8 build/obj/chdynamic.o
 .debug_loc     0x00000bc4       0x3f build/obj/chregistry.o
 .debug_loc     0x00000c03      0x428 build/obj/chmtx.o
 .debug_loc     0x0000102b      0x57b build/obj/chevents.o
 .debug_loc     0x000015a6      0x6b0 build/obj/chqueues.o
 .debug_loc     0x00001c56       0xcc build/obj/chmemcore.o
 .debug_loc     0x00001d22      0x3ae build/obj/chheap.o
 .debug_loc     0x000020d0      0x185 build/obj/chmempools.o
 .debug_loc     0x00002255       0x9d build/obj/hal.o
 .debug_loc     0x000022f2      0x4e4 build/obj/serial.o
 .debug_loc     0x000027d6       0x4d build/obj/tm.o
 .debug_loc     0x00002823      0x13a build/obj/pal_lld.o
 .debug_loc     0x0000295d      0x1ee build/obj/serial_lld.o
 .debug_loc     0x00002b4b      0x77d build/obj/chprintf.o
 .debug_loc     0x000032c8      0x784 build/obj/shell.o
 .debug_loc     0x00003a4c      0x39f build/obj/main.o
 .debug_loc     0x00003deb       0x63 /usr/lib/gcc/arm-none-eabi/4.8/../../../arm-none-eabi/lib/armv7-m/libc.a(lib_a-atoi.o)
 .debug_loc     0x00003e4e      0x191 /usr/lib/gcc/arm-none-eabi/4.8/../../../arm-none-eabi/lib/armv7-m/libc.a(lib_a-strcasecmp.o)
 .debug_loc     0x00003fdf       0xa4 /usr/lib/gcc/arm-none-eabi/4.8/../../../arm-none-eabi/lib/armv7-m/libc.a(lib_a-strpbrk.o)
 .debug_loc     0x00004083      0x105 /usr/lib/gcc/arm-none-eabi/4.8/../../../arm-none-eabi/lib/armv7-m/libc.a(lib_a-strspn.o)
 .debug_loc     0x00004188      0x3b8 /usr/lib/gcc/arm-none-eabi/4.8/../../../arm-none-eabi/lib/armv7-m/libc.a(lib_a-strtol.o)

.debug_aranges  0x00000000      0x828
 .debug_aranges
                0x00000000       0x38 build/obj/crt0.o
 .debug_aranges
                0x00000038       0x20 build/obj/vectors.o
 .debug_aranges
                0x00000058       0x50 build/obj/chcore_v7m.o
 .debug_aranges
                0x000000a8       0x30 build/obj/nvic.o
 .debug_aranges
                0x000000d8       0x30 build/obj/chsys.o
 .debug_aranges
                0x00000108       0x30 build/obj/chvt.o
 .debug_aranges
                0x00000138       0x68 build/obj/chschd.o
 .debug_aranges
                0x000001a0       0x78 build/obj/chthreads.o
 .debug_aranges
                0x00000218       0x38 build/obj/chdynamic.o
 .debug_aranges
                0x00000250       0x28 build/obj/chregistry.o
 .debug_aranges
                0x00000278       0x58 build/obj/chmtx.o
 .debug_aranges
                0x000002d0       0xa0 build/obj/chevents.o
 .debug_aranges
                0x00000370       0x70 build/obj/chqueues.o
 .debug_aranges
                0x000003e0       0x38 build/obj/chmemcore.o
 .debug_aranges
                0x00000418       0x40 build/obj/chheap.o
 .debug_aranges
                0x00000458       0x48 build/obj/chmempools.o
 .debug_aranges
                0x000004a0       0x30 build/obj/hal.o
 .debug_aranges
                0x000004d0       0x88 build/obj/serial.o
 .debug_aranges
                0x00000558       0x38 build/obj/tm.o
 .debug_aranges
                0x00000590       0x28 build/obj/hal_lld.o
 .debug_aranges
                0x000005b8       0x28 build/obj/pal_lld.o
 .debug_aranges
                0x000005e0       0x40 build/obj/serial_lld.o
 .debug_aranges
                0x00000620       0x28 build/obj/board.o
 .debug_aranges
                0x00000648       0x30 build/obj/chprintf.o
 .debug_aranges
                0x00000678       0x68 build/obj/shell.o
 .debug_aranges
                0x000006e0       0x68 build/obj/main.o
 .debug_aranges
                0x00000748       0x28 /usr/lib/gcc/arm-none-eabi/4.8/../../../arm-none-eabi/lib/armv7-m/libc.a(lib_a-atoi.o)
 .debug_aranges
                0x00000770       0x20 /usr/lib/gcc/arm-none-eabi/4.8/../../../arm-none-eabi/lib/armv7-m/libc.a(lib_a-strcasecmp.o)
 .debug_aranges
                0x00000790       0x20 /usr/lib/gcc/arm-none-eabi/4.8/../../../arm-none-eabi/lib/armv7-m/libc.a(lib_a-strpbrk.o)
 .debug_aranges
                0x000007b0       0x20 /usr/lib/gcc/arm-none-eabi/4.8/../../../arm-none-eabi/lib/armv7-m/libc.a(lib_a-strspn.o)
 .debug_aranges
                0x000007d0       0x28 /usr/lib/gcc/arm-none-eabi/4.8/../../../arm-none-eabi/lib/armv7-m/libc.a(lib_a-strtol.o)
 .debug_aranges
                0x000007f8       0x18 /usr/lib/gcc/arm-none-eabi/4.8/../../../arm-none-eabi/lib/armv7-m/libc.a(lib_a-ctype_.o)
 .debug_aranges
                0x00000810       0x18 /usr/lib/gcc/arm-none-eabi/4.8/../../../arm-none-eabi/lib/armv7-m/libc.a(lib_a-impure.o)

.debug_ranges   0x00000000      0xd70
 .debug_ranges  0x00000000       0x58 build/obj/crt0.o
 .debug_ranges  0x00000058       0x10 build/obj/vectors.o
 .debug_ranges  0x00000068       0x58 build/obj/chcore_v7m.o
 .debug_ranges  0x000000c0       0x20 build/obj/nvic.o
 .debug_ranges  0x000000e0       0x38 build/obj/chsys.o
 .debug_ranges  0x00000118       0x20 build/obj/chvt.o
 .debug_ranges  0x00000138      0x150 build/obj/chschd.o
 .debug_ranges  0x00000288      0x140 build/obj/chthreads.o
 .debug_ranges  0x000003c8       0x58 build/obj/chdynamic.o
 .debug_ranges  0x00000420       0x30 build/obj/chregistry.o
 .debug_ranges  0x00000450      0x1a0 build/obj/chmtx.o
 .debug_ranges  0x000005f0      0x108 build/obj/chevents.o
 .debug_ranges  0x000006f8       0xb8 build/obj/chqueues.o
 .debug_ranges  0x000007b0       0x28 build/obj/chmemcore.o
 .debug_ranges  0x000007d8       0x30 build/obj/chheap.o
 .debug_ranges  0x00000808       0xc8 build/obj/chmempools.o
 .debug_ranges  0x000008d0       0x38 build/obj/hal.o
 .debug_ranges  0x00000908       0xa8 build/obj/serial.o
 .debug_ranges  0x000009b0       0x78 build/obj/tm.o
 .debug_ranges  0x00000a28       0x30 build/obj/hal_lld.o
 .debug_ranges  0x00000a58       0x18 build/obj/pal_lld.o
 .debug_ranges  0x00000a70       0x80 build/obj/serial_lld.o
 .debug_ranges  0x00000af0       0x18 build/obj/board.o
 .debug_ranges  0x00000b08       0x38 build/obj/chprintf.o
 .debug_ranges  0x00000b40      0x100 build/obj/shell.o
 .debug_ranges  0x00000c40       0xd0 build/obj/main.o
 .debug_ranges  0x00000d10       0x18 /usr/lib/gcc/arm-none-eabi/4.8/../../../arm-none-eabi/lib/armv7-m/libc.a(lib_a-atoi.o)
 .debug_ranges  0x00000d28       0x10 /usr/lib/gcc/arm-none-eabi/4.8/../../../arm-none-eabi/lib/armv7-m/libc.a(lib_a-strcasecmp.o)
 .debug_ranges  0x00000d38       0x10 /usr/lib/gcc/arm-none-eabi/4.8/../../../arm-none-eabi/lib/armv7-m/libc.a(lib_a-strpbrk.o)
 .debug_ranges  0x00000d48       0x10 /usr/lib/gcc/arm-none-eabi/4.8/../../../arm-none-eabi/lib/armv7-m/libc.a(lib_a-strspn.o)
 .debug_ranges  0x00000d58       0x18 /usr/lib/gcc/arm-none-eabi/4.8/../../../arm-none-eabi/lib/armv7-m/libc.a(lib_a-strtol.o)

.debug_line     0x00000000     0x4020
 .debug_line    0x00000000      0x109 build/obj/crt0.o
 .debug_line    0x00000109       0xae build/obj/vectors.o
 .debug_line    0x000001b7      0x1dd build/obj/chcore_v7m.o
 .debug_line    0x00000394       0xe7 build/obj/nvic.o
 .debug_line    0x0000047b      0x1c4 build/obj/chsys.o
 .debug_line    0x0000063f      0x123 build/obj/chvt.o
 .debug_line    0x00000762      0x328 build/obj/chschd.o
 .debug_line    0x00000a8a      0x36e build/obj/chthreads.o
 .debug_line    0x00000df8      0x1e7 build/obj/chdynamic.o
 .debug_line    0x00000fdf      0x196 build/obj/chregistry.o
 .debug_line    0x00001175      0x31c build/obj/chmtx.o
 .debug_line    0x00001491      0x2ff build/obj/chevents.o
 .debug_line    0x00001790      0x357 build/obj/chqueues.o
 .debug_line    0x00001ae7      0x121 build/obj/chmemcore.o
 .debug_line    0x00001c08      0x23b build/obj/chheap.o
 .debug_line    0x00001e43      0x1a0 build/obj/chmempools.o
 .debug_line    0x00001fe3      0x21f build/obj/hal.o
 .debug_line    0x00002202      0x32c build/obj/serial.o
 .debug_line    0x0000252e      0x1b1 build/obj/tm.o
 .debug_line    0x000026df      0x18f build/obj/hal_lld.o
 .debug_line    0x0000286e      0x18c build/obj/pal_lld.o
 .debug_line    0x000029fa      0x305 build/obj/serial_lld.o
 .debug_line    0x00002cff      0x156 build/obj/board.o
 .debug_line    0x00002e55      0x247 build/obj/chprintf.o
 .debug_line    0x0000309c      0x392 build/obj/shell.o
 .debug_line    0x0000342e      0x473 build/obj/main.o
 .debug_line    0x000038a1      0x172 /usr/lib/gcc/arm-none-eabi/4.8/../../../arm-none-eabi/lib/armv7-m/libc.a(lib_a-atoi.o)
 .debug_line    0x00003a13       0xe5 /usr/lib/gcc/arm-none-eabi/4.8/../../../arm-none-eabi/lib/armv7-m/libc.a(lib_a-strcasecmp.o)
 .debug_line    0x00003af8       0xd6 /usr/lib/gcc/arm-none-eabi/4.8/../../../arm-none-eabi/lib/armv7-m/libc.a(lib_a-strpbrk.o)
 .debug_line    0x00003bce       0xfc /usr/lib/gcc/arm-none-eabi/4.8/../../../arm-none-eabi/lib/armv7-m/libc.a(lib_a-strspn.o)
 .debug_line    0x00003cca      0x1e9 /usr/lib/gcc/arm-none-eabi/4.8/../../../arm-none-eabi/lib/armv7-m/libc.a(lib_a-strtol.o)
 .debug_line    0x00003eb3       0x78 /usr/lib/gcc/arm-none-eabi/4.8/../../../arm-none-eabi/lib/armv7-m/libc.a(lib_a-ctype_.o)
 .debug_line    0x00003f2b       0xf5 /usr/lib/gcc/arm-none-eabi/4.8/../../../arm-none-eabi/lib/armv7-m/libc.a(lib_a-impure.o)

.debug_str      0x00000000     0x20d7
 .debug_str     0x00000000      0x266 build/obj/crt0.o
                                0x2b1 (size before relaxing)
 .debug_str     0x00000266      0x145 build/obj/vectors.o
                                0x2d2 (size before relaxing)
 .debug_str     0x000003ab      0x2e5 build/obj/chcore_v7m.o
                                0x48e (size before relaxing)
 .debug_str     0x00000690       0x9e build/obj/nvic.o
                                0x2a4 (size before relaxing)
 .debug_str     0x0000072e      0x209 build/obj/chsys.o
                                0x57c (size before relaxing)
 .debug_str     0x00000937       0x36 build/obj/chvt.o
                                0x225 (size before relaxing)
 .debug_str     0x0000096d       0xd5 build/obj/chschd.o
                                0x49b (size before relaxing)
 .debug_str     0x00000a42       0xd3 build/obj/chthreads.o
                                0x506 (size before relaxing)
 .debug_str     0x00000b15      0x10d build/obj/chdynamic.o
                                0x488 (size before relaxing)
 .debug_str     0x00000c22       0x42 build/obj/chregistry.o
                                0x494 (size before relaxing)
 .debug_str     0x00000c64       0x91 build/obj/chmtx.o
                                0x420 (size before relaxing)
 .debug_str     0x00000cf5      0x1b9 build/obj/chevents.o
                                0x544 (size before relaxing)
 .debug_str     0x00000eae      0x126 build/obj/chqueues.o
                                0x4ab (size before relaxing)
 .debug_str     0x00000fd4       0x70 build/obj/chmemcore.o
                                0x21a (size before relaxing)
 .debug_str     0x00001044       0x48 build/obj/chheap.o
                                0x40f (size before relaxing)
 .debug_str     0x0000108c       0x55 build/obj/chmempools.o
                                0x268 (size before relaxing)
 .debug_str     0x000010e1      0x12c build/obj/hal.o
                                0x2d4 (size before relaxing)
 .debug_str     0x0000120d      0x169 build/obj/serial.o
                                0x623 (size before relaxing)
 .debug_str     0x00001376       0x62 build/obj/tm.o
                                0x26b (size before relaxing)
 .debug_str     0x000013d8       0xfe build/obj/hal_lld.o
                                0x30b (size before relaxing)
 .debug_str     0x000014d6       0x88 build/obj/pal_lld.o
                                0x2d8 (size before relaxing)
 .debug_str     0x0000155e       0x75 build/obj/serial_lld.o
                                0x638 (size before relaxing)
 .debug_str     0x000015d3       0x42 build/obj/board.o
                                0x267 (size before relaxing)
 .debug_str     0x00001615      0x10b build/obj/chprintf.o
                                0x2de (size before relaxing)
 .debug_str     0x00001720      0x158 build/obj/shell.o
                                0x698 (size before relaxing)
 .debug_str     0x00001878       0xed build/obj/main.o
                                0x7bc (size before relaxing)
 .debug_str     0x00001965      0x4c3 /usr/lib/gcc/arm-none-eabi/4.8/../../../arm-none-eabi/lib/armv7-m/libc.a(lib_a-atoi.o)
                                0x582 (size before relaxing)
 .debug_str     0x00001e28       0xb5 /usr/lib/gcc/arm-none-eabi/4.8/../../../arm-none-eabi/lib/armv7-m/libc.a(lib_a-strcasecmp.o)
                                0x1d7 (size before relaxing)
 .debug_str     0x00001edd       0x2f /usr/lib/gcc/arm-none-eabi/4.8/../../../arm-none-eabi/lib/armv7-m/libc.a(lib_a-strpbrk.o)
                                0x1b9 (size before relaxing)
 .debug_str     0x00001f0c       0x2e /usr/lib/gcc/arm-none-eabi/4.8/../../../arm-none-eabi/lib/armv7-m/libc.a(lib_a-strspn.o)
                                0x1be (size before relaxing)
 .debug_str     0x00001f3a       0x48 /usr/lib/gcc/arm-none-eabi/4.8/../../../arm-none-eabi/lib/armv7-m/libc.a(lib_a-strtol.o)
                                0x5b5 (size before relaxing)
 .debug_str     0x00001f82       0x9f /usr/lib/gcc/arm-none-eabi/4.8/../../../arm-none-eabi/lib/armv7-m/libc.a(lib_a-ctype_.o)
                                0x140 (size before relaxing)
 .debug_str     0x00002021       0xb6 /usr/lib/gcc/arm-none-eabi/4.8/../../../arm-none-eabi/lib/armv7-m/libc.a(lib_a-impure.o)
                                0x58f (size before relaxing)

.comment        0x00000000       0x2b
 .comment       0x00000000       0x2b build/obj/crt0.o
                                 0x2c (size before relaxing)
 .comment       0x0000002b       0x2c build/obj/vectors.o
 .comment       0x0000002b       0x2c build/obj/chcore_v7m.o
 .comment       0x0000002b       0x2c build/obj/nvic.o
 .comment       0x0000002b       0x2c build/obj/chsys.o
 .comment       0x0000002b       0x2c build/obj/chvt.o
 .comment       0x0000002b       0x2c build/obj/chschd.o
 .comment       0x0000002b       0x2c build/obj/chthreads.o
 .comment       0x0000002b       0x2c build/obj/chdynamic.o
 .comment       0x0000002b       0x2c build/obj/chregistry.o
 .comment       0x0000002b       0x2c build/obj/chmtx.o
 .comment       0x0000002b       0x2c build/obj/chevents.o
 .comment       0x0000002b       0x2c build/obj/chqueues.o
 .comment       0x0000002b       0x2c build/obj/chmemcore.o
 .comment       0x0000002b       0x2c build/obj/chheap.o
 .comment       0x0000002b       0x2c build/obj/chmempools.o
 .comment       0x0000002b       0x2c build/obj/hal.o
 .comment       0x0000002b       0x2c build/obj/serial.o
 .comment       0x0000002b       0x2c build/obj/tm.o
 .comment       0x0000002b       0x2c build/obj/hal_lld.o
 .comment       0x0000002b       0x2c build/obj/pal_lld.o
 .comment       0x0000002b       0x2c build/obj/serial_lld.o
 .comment       0x0000002b       0x2c build/obj/board.o
 .comment       0x0000002b       0x2c build/obj/chprintf.o
 .comment       0x0000002b       0x2c build/obj/shell.o
 .comment       0x0000002b       0x2c build/obj/main.o
 .comment       0x0000002b       0x2c /usr/lib/gcc/arm-none-eabi/4.8/../../../arm-none-eabi/lib/armv7-m/libc.a(lib_a-atoi.o)
 .comment       0x0000002b       0x2c /usr/lib/gcc/arm-none-eabi/4.8/../../../arm-none-eabi/lib/armv7-m/libc.a(lib_a-strcasecmp.o)
 .comment       0x0000002b       0x2c /usr/lib/gcc/arm-none-eabi/4.8/../../../arm-none-eabi/lib/armv7-m/libc.a(lib_a-strpbrk.o)
 .comment       0x0000002b       0x2c /usr/lib/gcc/arm-none-eabi/4.8/../../../arm-none-eabi/lib/armv7-m/libc.a(lib_a-strspn.o)
 .comment       0x0000002b       0x2c /usr/lib/gcc/arm-none-eabi/4.8/../../../arm-none-eabi/lib/armv7-m/libc.a(lib_a-strtol.o)
 .comment       0x0000002b       0x2c /usr/lib/gcc/arm-none-eabi/4.8/../../../arm-none-eabi/lib/armv7-m/libc.a(lib_a-ctype_.o)
 .comment       0x0000002b       0x2c /usr/lib/gcc/arm-none-eabi/4.8/../../../arm-none-eabi/lib/armv7-m/libc.a(lib_a-impure.o)

.ARM.attributes
                0x00000000       0x31
 .ARM.attributes
                0x00000000       0x33 build/obj/crt0.o
 .ARM.attributes
                0x00000033       0x33 build/obj/vectors.o
 .ARM.attributes
                0x00000066       0x33 build/obj/chcore_v7m.o
 .ARM.attributes
                0x00000099       0x33 build/obj/nvic.o
 .ARM.attributes
                0x000000cc       0x33 build/obj/chsys.o
 .ARM.attributes
                0x000000ff       0x33 build/obj/chvt.o
 .ARM.attributes
                0x00000132       0x33 build/obj/chschd.o
 .ARM.attributes
                0x00000165       0x33 build/obj/chthreads.o
 .ARM.attributes
                0x00000198       0x33 build/obj/chdynamic.o
 .ARM.attributes
                0x000001cb       0x33 build/obj/chregistry.o
 .ARM.attributes
                0x000001fe       0x33 build/obj/chmtx.o
 .ARM.attributes
                0x00000231       0x33 build/obj/chevents.o
 .ARM.attributes
                0x00000264       0x33 build/obj/chqueues.o
 .ARM.attributes
                0x00000297       0x33 build/obj/chmemcore.o
 .ARM.attributes
                0x000002ca       0x33 build/obj/chheap.o
 .ARM.attributes
                0x000002fd       0x33 build/obj/chmempools.o
 .ARM.attributes
                0x00000330       0x33 build/obj/hal.o
 .ARM.attributes
                0x00000363       0x33 build/obj/serial.o
 .ARM.attributes
                0x00000396       0x33 build/obj/tm.o
 .ARM.attributes
                0x000003c9       0x33 build/obj/hal_lld.o
 .ARM.attributes
                0x000003fc       0x33 build/obj/pal_lld.o
 .ARM.attributes
                0x0000042f       0x33 build/obj/serial_lld.o
 .ARM.attributes
                0x00000462       0x33 build/obj/board.o
 .ARM.attributes
                0x00000495       0x33 build/obj/chprintf.o
 .ARM.attributes
                0x000004c8       0x33 build/obj/shell.o
 .ARM.attributes
                0x000004fb       0x33 build/obj/main.o
 .ARM.attributes
                0x0000052e       0x2d /usr/lib/gcc/arm-none-eabi/4.8/../../../arm-none-eabi/lib/armv7-m/libc.a(lib_a-atoi.o)
 .ARM.attributes
                0x0000055b       0x2d /usr/lib/gcc/arm-none-eabi/4.8/../../../arm-none-eabi/lib/armv7-m/libc.a(lib_a-strcasecmp.o)
 .ARM.attributes
                0x00000588       0x2d /usr/lib/gcc/arm-none-eabi/4.8/../../../arm-none-eabi/lib/armv7-m/libc.a(lib_a-strpbrk.o)
 .ARM.attributes
                0x000005b5       0x2d /usr/lib/gcc/arm-none-eabi/4.8/../../../arm-none-eabi/lib/armv7-m/libc.a(lib_a-strspn.o)
 .ARM.attributes
                0x000005e2       0x2d /usr/lib/gcc/arm-none-eabi/4.8/../../../arm-none-eabi/lib/armv7-m/libc.a(lib_a-strtol.o)
 .ARM.attributes
                0x0000060f       0x2d /usr/lib/gcc/arm-none-eabi/4.8/../../../arm-none-eabi/lib/armv7-m/libc.a(lib_a-ctype_.o)
 .ARM.attributes
                0x0000063c       0x2d /usr/lib/gcc/arm-none-eabi/4.8/../../../arm-none-eabi/lib/armv7-m/libc.a(lib_a-impure.o)

.debug_frame    0x00000000     0x1248
 .debug_frame   0x00000000       0x50 build/obj/crt0.o
 .debug_frame   0x00000050       0x20 build/obj/vectors.o
 .debug_frame   0x00000070       0x98 build/obj/chcore_v7m.o
 .debug_frame   0x00000108       0x54 build/obj/nvic.o
 .debug_frame   0x0000015c       0x5c build/obj/chsys.o
 .debug_frame   0x000001b8       0x4c build/obj/chvt.o
 .debug_frame   0x00000204      0x108 build/obj/chschd.o
 .debug_frame   0x0000030c      0x188 build/obj/chthreads.o
 .debug_frame   0x00000494       0x80 build/obj/chdynamic.o
 .debug_frame   0x00000514       0x3c build/obj/chregistry.o
 .debug_frame   0x00000550       0xe4 build/obj/chmtx.o
 .debug_frame   0x00000634      0x1e0 build/obj/chevents.o
 .debug_frame   0x00000814      0x180 build/obj/chqueues.o
 .debug_frame   0x00000994       0x50 build/obj/chmemcore.o
 .debug_frame   0x000009e4       0x98 build/obj/chheap.o
 .debug_frame   0x00000a7c       0x90 build/obj/chmempools.o
 .debug_frame   0x00000b0c       0x4c build/obj/hal.o
 .debug_frame   0x00000b58      0x13c build/obj/serial.o
 .debug_frame   0x00000c94       0x64 build/obj/tm.o
 .debug_frame   0x00000cf8       0x40 build/obj/hal_lld.o
 .debug_frame   0x00000d38       0x4c build/obj/pal_lld.o
 .debug_frame   0x00000d84       0x8c build/obj/serial_lld.o
 .debug_frame   0x00000e10       0x30 build/obj/board.o
 .debug_frame   0x00000e40       0x8c build/obj/chprintf.o
 .debug_frame   0x00000ecc      0x13c build/obj/shell.o
 .debug_frame   0x00001008      0x140 build/obj/main.o
 .debug_frame   0x00001148       0x30 /usr/lib/gcc/arm-none-eabi/4.8/../../../arm-none-eabi/lib/armv7-m/libc.a(lib_a-atoi.o)
 .debug_frame   0x00001178       0x28 /usr/lib/gcc/arm-none-eabi/4.8/../../../arm-none-eabi/lib/armv7-m/libc.a(lib_a-strcasecmp.o)
 .debug_frame   0x000011a0       0x2c /usr/lib/gcc/arm-none-eabi/4.8/../../../arm-none-eabi/lib/armv7-m/libc.a(lib_a-strpbrk.o)
 .debug_frame   0x000011cc       0x2c /usr/lib/gcc/arm-none-eabi/4.8/../../../arm-none-eabi/lib/armv7-m/libc.a(lib_a-strspn.o)
 .debug_frame   0x000011f8       0x50 /usr/lib/gcc/arm-none-eabi/4.8/../../../arm-none-eabi/lib/armv7-m/libc.a(lib_a-strtol.o)

Cross Reference Table

Symbol                                            File
BusFaultVector                                    build/obj/vectors.o
DebugMonitorVector                                build/obj/vectors.o
HardFaultVector                                   build/obj/vectors.o
Lcd_Write_Data                                    build/obj/main.o
MemManageVector                                   build/obj/vectors.o
NMIVector                                         build/obj/vectors.o
PendSVVector                                      build/obj/vectors.o
ResetHandler                                      build/obj/crt0.o
                                                  build/obj/vectors.o
SD1                                               build/obj/serial_lld.o
                                                  build/obj/main.o
SVCallVector                                      build/obj/chcore_v7m.o
                                                  build/obj/vectors.o
SysTickVector                                     build/obj/chcore_v7m.o
                                                  build/obj/vectors.o
UsageFaultVector                                  build/obj/vectors.o
Vector1C                                          build/obj/vectors.o
Vector20                                          build/obj/vectors.o
Vector24                                          build/obj/vectors.o
Vector28                                          build/obj/vectors.o
Vector34                                          build/obj/vectors.o
Vector40                                          build/obj/vectors.o
Vector44                                          build/obj/vectors.o
Vector48                                          build/obj/vectors.o
Vector4C                                          build/obj/vectors.o
Vector50                                          build/obj/vectors.o
Vector54                                          build/obj/vectors.o
Vector58                                          build/obj/vectors.o
Vector5C                                          build/obj/vectors.o
Vector60                                          build/obj/vectors.o
Vector64                                          build/obj/vectors.o
Vector68                                          build/obj/vectors.o
Vector6C                                          build/obj/vectors.o
Vector70                                          build/obj/vectors.o
Vector74                                          build/obj/vectors.o
Vector78                                          build/obj/vectors.o
Vector7C                                          build/obj/vectors.o
Vector80                                          build/obj/vectors.o
Vector84                                          build/obj/vectors.o
Vector88                                          build/obj/vectors.o
Vector8C                                          build/obj/vectors.o
Vector90                                          build/obj/vectors.o
Vector94                                          build/obj/vectors.o
Vector98                                          build/obj/vectors.o
Vector9C                                          build/obj/vectors.o
VectorA0                                          build/obj/vectors.o
VectorA4                                          build/obj/vectors.o
VectorA8                                          build/obj/vectors.o
VectorAC                                          build/obj/vectors.o
VectorB0                                          build/obj/vectors.o
VectorB4                                          build/obj/vectors.o
VectorB8                                          build/obj/vectors.o
VectorBC                                          build/obj/vectors.o
VectorC0                                          build/obj/vectors.o
VectorC4                                          build/obj/vectors.o
VectorC8                                          build/obj/vectors.o
VectorCC                                          build/obj/vectors.o
VectorD0                                          build/obj/vectors.o
VectorD4                                          build/obj/serial_lld.o
                                                  build/obj/vectors.o
VectorD8                                          build/obj/vectors.o
VectorDC                                          build/obj/vectors.o
VectorE0                                          build/obj/vectors.o
VectorE4                                          build/obj/vectors.o
VectorE8                                          build/obj/vectors.o
__ctype_ptr__                                     /usr/lib/gcc/arm-none-eabi/4.8/../../../arm-none-eabi/lib/armv7-m/libc.a(lib_a-ctype_.o)
                                                  /usr/lib/gcc/arm-none-eabi/4.8/../../../arm-none-eabi/lib/armv7-m/libc.a(lib_a-strtol.o)
                                                  /usr/lib/gcc/arm-none-eabi/4.8/../../../arm-none-eabi/lib/armv7-m/libc.a(lib_a-strcasecmp.o)
__early_init                                      build/obj/board.o
                                                  build/obj/crt0.o
__fini_array_end                                  build/obj/crt0.o
__fini_array_start                                build/obj/crt0.o
__heap_base__                                     build/obj/chmemcore.o
__heap_end__                                      build/obj/chmemcore.o
__init_array_end                                  build/obj/crt0.o
__init_array_start                                build/obj/crt0.o
__late_init                                       build/obj/crt0.o
__main_stack_base__                               build/obj/crt0.o
__main_stack_end__                                build/obj/vectors.o
                                                  build/obj/crt0.o
__process_stack_base__                            build/obj/crt0.o
__process_stack_end__                             build/obj/crt0.o
_atoi_r                                           /usr/lib/gcc/arm-none-eabi/4.8/../../../arm-none-eabi/lib/armv7-m/libc.a(lib_a-atoi.o)
_bss_end                                          build/obj/crt0.o
_bss_start                                        build/obj/crt0.o
_close_r                                          build/obj/syscalls.o
_core_init                                        build/obj/chmemcore.o
                                                  build/obj/chsys.o
_ctype_                                           /usr/lib/gcc/arm-none-eabi/4.8/../../../arm-none-eabi/lib/armv7-m/libc.a(lib_a-ctype_.o)
_data                                             build/obj/crt0.o
_default_exit                                     build/obj/crt0.o
_edata                                            build/obj/crt0.o
_fstat_r                                          build/obj/syscalls.o
_global_impure_ptr                                /usr/lib/gcc/arm-none-eabi/4.8/../../../arm-none-eabi/lib/armv7-m/libc.a(lib_a-impure.o)
_heap_init                                        build/obj/chheap.o
                                                  build/obj/chsys.o
_idle_thread                                      build/obj/chsys.o
_idle_thread_wa                                   build/obj/chsys.o
_impure_ptr                                       /usr/lib/gcc/arm-none-eabi/4.8/../../../arm-none-eabi/lib/armv7-m/libc.a(lib_a-impure.o)
                                                  /usr/lib/gcc/arm-none-eabi/4.8/../../../arm-none-eabi/lib/armv7-m/libc.a(lib_a-strtol.o)
_isatty_r                                         build/obj/syscalls.o
_lseek_r                                          build/obj/syscalls.o
_pal_lld_init                                     build/obj/pal_lld.o
                                                  build/obj/hal.o
_pal_lld_setgroupmode                             build/obj/pal_lld.o
                                                  build/obj/main.o
                                                  build/obj/pal.o
_port_init                                        build/obj/chcore_v7m.o
                                                  build/obj/chsys.o
_port_irq_epilogue                                build/obj/chcore_v7m.o
                                                  build/obj/serial_lld.o
_port_switch                                      build/obj/chcore_v7m.o
                                                  build/obj/chschd.o
_port_switch_from_isr                             build/obj/chcore_v7m.o
_port_thread_start                                build/obj/chcore_v7m.o
                                                  build/obj/chthreads.o
_read_r                                           build/obj/syscalls.o
_sbrk_r                                           build/obj/syscalls.o
_scheduler_init                                   build/obj/chschd.o
                                                  build/obj/chsys.o
_strtol_r                                         /usr/lib/gcc/arm-none-eabi/4.8/../../../arm-none-eabi/lib/armv7-m/libc.a(lib_a-strtol.o)
                                                  /usr/lib/gcc/arm-none-eabi/4.8/../../../arm-none-eabi/lib/armv7-m/libc.a(lib_a-atoi.o)
_textdata                                         build/obj/crt0.o
_thread_init                                      build/obj/chthreads.o
                                                  build/obj/chsys.o
_unhandled_exception                              build/obj/vectors.o
_vectors                                          build/obj/vectors.o
_vt_init                                          build/obj/chvt.o
                                                  build/obj/chsys.o
_write_r                                          build/obj/syscalls.o
atoi                                              /usr/lib/gcc/arm-none-eabi/4.8/../../../arm-none-eabi/lib/armv7-m/libc.a(lib_a-atoi.o)
                                                  build/obj/main.o
boardInit                                         build/obj/board.o
                                                  build/obj/hal.o
chCondBroadcast                                   build/obj/chcond.o
chCondBroadcastI                                  build/obj/chcond.o
chCondInit                                        build/obj/chcond.o
chCondSignal                                      build/obj/chcond.o
chCondSignalI                                     build/obj/chcond.o
chCondWait                                        build/obj/chcond.o
chCondWaitS                                       build/obj/chcond.o
chCondWaitTimeout                                 build/obj/chcond.o
chCondWaitTimeoutS                                build/obj/chcond.o
chCoreAlloc                                       build/obj/chmemcore.o
                                                  build/obj/syscalls.o
                                                  build/obj/chheap.o
chCoreAllocI                                      build/obj/chmemcore.o
chCoreStatus                                      build/obj/chmemcore.o
chEvtAddEvents                                    build/obj/chevents.o
chEvtBroadcastFlags                               build/obj/chevents.o
chEvtBroadcastFlagsI                              build/obj/chevents.o
                                                  build/obj/shell.o
                                                  build/obj/evtimer.o
                                                  build/obj/serial_lld.o
                                                  build/obj/serial.o
chEvtDispatch                                     build/obj/chevents.o
chEvtGetAndClearEvents                            build/obj/chevents.o
chEvtGetAndClearFlags                             build/obj/chevents.o
chEvtGetAndClearFlagsI                            build/obj/chevents.o
chEvtRegisterMask                                 build/obj/chevents.o
chEvtSignal                                       build/obj/chevents.o
chEvtSignalI                                      build/obj/chevents.o
chEvtUnregister                                   build/obj/chevents.o
chEvtWaitAll                                      build/obj/chevents.o
chEvtWaitAllTimeout                               build/obj/chevents.o
chEvtWaitAny                                      build/obj/chevents.o
chEvtWaitAnyTimeout                               build/obj/chevents.o
chEvtWaitOne                                      build/obj/chevents.o
chEvtWaitOneTimeout                               build/obj/chevents.o
chHeapAlloc                                       build/obj/chheap.o
                                                  build/obj/chdynamic.o
chHeapFree                                        build/obj/chheap.o
                                                  build/obj/chdynamic.o
chHeapInit                                        build/obj/chheap.o
chHeapStatus                                      build/obj/chheap.o
chIQGetTimeout                                    build/obj/chqueues.o
                                                  build/obj/serial.o
chIQInit                                          build/obj/chqueues.o
                                                  build/obj/serial.o
chIQPutI                                          build/obj/chqueues.o
                                                  build/obj/serial.o
chIQReadTimeout                                   build/obj/chqueues.o
                                                  build/obj/serial.o
chIQResetI                                        build/obj/chqueues.o
                                                  build/obj/serial.o
chMBFetch                                         build/obj/chmboxes.o
chMBFetchI                                        build/obj/chmboxes.o
chMBFetchS                                        build/obj/chmboxes.o
chMBInit                                          build/obj/chmboxes.o
chMBPost                                          build/obj/chmboxes.o
chMBPostAhead                                     build/obj/chmboxes.o
chMBPostAheadI                                    build/obj/chmboxes.o
chMBPostAheadS                                    build/obj/chmboxes.o
chMBPostI                                         build/obj/chmboxes.o
chMBPostS                                         build/obj/chmboxes.o
chMBReset                                         build/obj/chmboxes.o
chMsgRelease                                      build/obj/chmsg.o
chMsgSend                                         build/obj/chmsg.o
chMsgWait                                         build/obj/chmsg.o
chMtxInit                                         build/obj/chmtx.o
                                                  build/obj/chheap.o
chMtxLock                                         build/obj/chmtx.o
                                                  build/obj/chheap.o
chMtxLockS                                        build/obj/chmtx.o
                                                  build/obj/chcond.o
chMtxTryLock                                      build/obj/chmtx.o
chMtxTryLockS                                     build/obj/chmtx.o
chMtxUnlock                                       build/obj/chmtx.o
                                                  build/obj/chheap.o
chMtxUnlockAll                                    build/obj/chmtx.o
chMtxUnlockS                                      build/obj/chmtx.o
                                                  build/obj/chcond.o
chOQGetI                                          build/obj/chqueues.o
                                                  build/obj/serial_lld.o
                                                  build/obj/serial.o
chOQInit                                          build/obj/chqueues.o
                                                  build/obj/serial.o
chOQPutTimeout                                    build/obj/chqueues.o
                                                  build/obj/serial.o
chOQResetI                                        build/obj/chqueues.o
                                                  build/obj/serial.o
chOQWriteTimeout                                  build/obj/chqueues.o
                                                  build/obj/serial.o
chPoolAlloc                                       build/obj/chmempools.o
                                                  build/obj/chdynamic.o
chPoolAllocI                                      build/obj/chmempools.o
chPoolFree                                        build/obj/chmempools.o
                                                  build/obj/chdynamic.o
chPoolFreeI                                       build/obj/chmempools.o
chPoolInit                                        build/obj/chmempools.o
chPoolLoadArray                                   build/obj/chmempools.o
chRegFirstThread                                  build/obj/chregistry.o
chRegNextThread                                   build/obj/chregistry.o
chSchDoReschedule                                 build/obj/chschd.o
                                                  build/obj/chcore_v7m.o
chSchDoRescheduleAhead                            build/obj/chschd.o
chSchDoRescheduleBehind                           build/obj/chschd.o
                                                  build/obj/chthreads.o
chSchGoSleepS                                     build/obj/chschd.o
                                                  build/obj/chmsg.o
                                                  build/obj/chevents.o
                                                  build/obj/chcond.o
                                                  build/obj/chmtx.o
                                                  build/obj/chsem.o
                                                  build/obj/chthreads.o
chSchGoSleepTimeoutS                              build/obj/chschd.o
                                                  build/obj/chqueues.o
                                                  build/obj/chevents.o
                                                  build/obj/chcond.o
                                                  build/obj/chsem.o
                                                  build/obj/chthreads.o
chSchReadyI                                       build/obj/chschd.o
                                                  build/obj/chqueues.o
                                                  build/obj/chmsg.o
                                                  build/obj/chevents.o
                                                  build/obj/chcond.o
                                                  build/obj/chmtx.o
                                                  build/obj/chsem.o
                                                  build/obj/chthreads.o
chSchRescheduleS                                  build/obj/chschd.o
                                                  build/obj/serial.o
                                                  build/obj/chmboxes.o
                                                  build/obj/chevents.o
                                                  build/obj/chcond.o
                                                  build/obj/chmtx.o
                                                  build/obj/chsem.o
                                                  build/obj/chthreads.o
chSchWakeupS                                      build/obj/chschd.o
                                                  build/obj/chmsg.o
                                                  build/obj/chcond.o
                                                  build/obj/chmtx.o
                                                  build/obj/chsem.o
                                                  build/obj/chdynamic.o
                                                  build/obj/chthreads.o
chSemAddCounterI                                  build/obj/chsem.o
chSemInit                                         build/obj/chsem.o
                                                  build/obj/chmboxes.o
chSemReset                                        build/obj/chsem.o
chSemResetI                                       build/obj/chsem.o
                                                  build/obj/chmboxes.o
chSemSignal                                       build/obj/chsem.o
chSemSignalI                                      build/obj/chsem.o
                                                  build/obj/chmboxes.o
chSemSignalWait                                   build/obj/chsem.o
chSemWait                                         build/obj/chsem.o
chSemWaitS                                        build/obj/chsem.o
chSemWaitTimeout                                  build/obj/chsem.o
chSemWaitTimeoutS                                 build/obj/chsem.o
                                                  build/obj/chmboxes.o
chSysInit                                         build/obj/chsys.o
                                                  build/obj/main.o
chSysTimerHandlerI                                build/obj/chsys.o
                                                  build/obj/chcore_v7m.o
chThdAddRef                                       build/obj/chdynamic.o
chThdCreateFromHeap                               build/obj/chdynamic.o
                                                  build/obj/shell.o
chThdCreateFromMemoryPool                         build/obj/chdynamic.o
chThdCreateI                                      build/obj/chthreads.o
                                                  build/obj/chdynamic.o
chThdCreateStatic                                 build/obj/chthreads.o
                                                  build/obj/main.o
                                                  build/obj/shell.o
                                                  build/obj/chsys.o
chThdExit                                         build/obj/chthreads.o
                                                  build/obj/chcore_v7m.o
chThdExitS                                        build/obj/chthreads.o
                                                  build/obj/shell.o
chThdRelease                                      build/obj/chdynamic.o
                                                  build/obj/main.o
                                                  build/obj/chregistry.o
                                                  build/obj/chthreads.o
chThdResume                                       build/obj/chthreads.o
chThdSetPriority                                  build/obj/chthreads.o
chThdSleep                                        build/obj/chthreads.o
                                                  build/obj/main.o
chThdSleepUntil                                   build/obj/chthreads.o
chThdTerminate                                    build/obj/chthreads.o
chThdWait                                         build/obj/chthreads.o
chThdYield                                        build/obj/chthreads.o
chVTResetI                                        build/obj/chvt.o
                                                  build/obj/evtimer.o
                                                  build/obj/chschd.o
chVTSetI                                          build/obj/chvt.o
                                                  build/obj/evtimer.o
                                                  build/obj/chschd.o
ch_debug                                          build/obj/chregistry.o
                                                  build/obj/chsys.o
chsnprintf                                        build/obj/chprintf.o
chvprintf                                         build/obj/chprintf.o
                                                  build/obj/main.o
                                                  build/obj/shell.o
evtStart                                          build/obj/evtimer.o
evtStop                                           build/obj/evtimer.o
halInit                                           build/obj/hal.o
                                                  build/obj/main.o
halIsCounterWithin                                build/obj/hal.o
halPolledDelay                                    build/obj/hal.o
hal_lld_init                                      build/obj/hal_lld.o
                                                  build/obj/hal.o
lsObjectInit                                      build/obj/main.o
main                                              build/obj/main.o
                                                  build/obj/crt0.o
memcpy                                            /usr/lib/gcc/arm-none-eabi/4.8/../../../arm-none-eabi/lib/armv7-m/libc.a(lib_a-memcpy.o)
                                                  build/obj/memstreams.o
memset                                            /usr/lib/gcc/arm-none-eabi/4.8/../../../arm-none-eabi/lib/armv7-m/libc.a(lib_a-memset.o)
                                                  build/obj/syscalls.o
msObjectInit                                      build/obj/memstreams.o
                                                  build/obj/chprintf.o
myLCD                                             build/obj/main.o
nvicDisableVector                                 build/obj/nvic.o
                                                  build/obj/serial_lld.o
nvicEnableVector                                  build/obj/nvic.o
                                                  build/obj/serial_lld.o
nvicSetSystemHandlerPriority                      build/obj/nvic.o
                                                  build/obj/chcore_v7m.o
palReadBus                                        build/obj/pal.o
palSetBusMode                                     build/obj/pal.o
palWriteBus                                       build/obj/pal.o
pal_default_config                                build/obj/board.o
                                                  build/obj/hal.o
port_halt                                         build/obj/chcore.o
rlist                                             build/obj/chschd.o
                                                  build/obj/main.o
                                                  build/obj/shell.o
                                                  build/obj/chqueues.o
                                                  build/obj/chmsg.o
                                                  build/obj/chevents.o
                                                  build/obj/chcond.o
                                                  build/obj/chmtx.o
                                                  build/obj/chsem.o
                                                  build/obj/chregistry.o
                                                  build/obj/chthreads.o
                                                  build/obj/chsys.o
                                                  build/obj/chcore_v7m.o
sdIncomingDataI                                   build/obj/serial.o
                                                  build/obj/serial_lld.o
sdInit                                            build/obj/serial.o
                                                  build/obj/hal.o
sdObjectInit                                      build/obj/serial.o
                                                  build/obj/serial_lld.o
sdRequestDataI                                    build/obj/serial.o
sdStart                                           build/obj/serial.o
                                                  build/obj/main.o
sdStop                                            build/obj/serial.o
sd_lld_init                                       build/obj/serial_lld.o
                                                  build/obj/serial.o
sd_lld_start                                      build/obj/serial_lld.o
                                                  build/obj/serial.o
sd_lld_stop                                       build/obj/serial_lld.o
                                                  build/obj/serial.o
shellCreate                                       build/obj/shell.o
                                                  build/obj/main.o
shellCreateStatic                                 build/obj/shell.o
shellExit                                         build/obj/shell.o
shellGetLine                                      build/obj/shell.o
shellInit                                         build/obj/shell.o
                                                  build/obj/main.o
shell_terminated                                  build/obj/shell.o
stm32_clock_init                                  build/obj/hal_lld.o
                                                  build/obj/board.o
strcasecmp                                        /usr/lib/gcc/arm-none-eabi/4.8/../../../arm-none-eabi/lib/armv7-m/libc.a(lib_a-strcasecmp.o)
                                                  build/obj/shell.o
strpbrk                                           /usr/lib/gcc/arm-none-eabi/4.8/../../../arm-none-eabi/lib/armv7-m/libc.a(lib_a-strpbrk.o)
                                                  build/obj/shell.o
strspn                                            /usr/lib/gcc/arm-none-eabi/4.8/../../../arm-none-eabi/lib/armv7-m/libc.a(lib_a-strspn.o)
                                                  build/obj/shell.o
strtol                                            /usr/lib/gcc/arm-none-eabi/4.8/../../../arm-none-eabi/lib/armv7-m/libc.a(lib_a-strtol.o)
                                                  /usr/lib/gcc/arm-none-eabi/4.8/../../../arm-none-eabi/lib/armv7-m/libc.a(lib_a-atoi.o)
tmInit                                            build/obj/tm.o
                                                  build/obj/hal.o
tmObjectInit                                      build/obj/tm.o
vtlist                                            build/obj/chvt.o
                                                  build/obj/shell.o
                                                  build/obj/chthreads.o
                                                  build/obj/chsys.o
